******************************************************************************
                  MSP430 Linker PC v20.2.5                     
******************************************************************************
>> Linked Sun Jul 11 10:43:22 2021

OUTPUT FILE NAME:   <car_fill.out>
ENTRY POINT SYMBOL: "_c_int00_noargs"  address: 0000cada


MEMORY CONFIGURATION

         name            origin    length      used     unused   attr    fill
----------------------  --------  ---------  --------  --------  ----  --------
  SFR                   00000000   00000010  00000000  00000010  RWIX
  PERIPHERALS_8BIT      00000010   000000f0  00000000  000000f0  RWIX
  PERIPHERALS_16BIT     00000100   00000100  00000000  00000100  RWIX
  RAM                   00000200   00000200  00000056  000001aa  RWIX
  INFOD                 00001000   00000040  00000000  00000040  RWIX
  INFOC                 00001040   00000040  00000000  00000040  RWIX
  INFOB                 00001080   00000040  00000000  00000040  RWIX
  INFOA                 000010c0   00000040  00000000  00000040  RWIX
  FLASH                 0000c000   00003fde  000011d2  00002e0c  RWIX
  BSLSIGNATURE          0000ffde   00000002  00000002  00000000  RWIX  ffff 
  INT00                 0000ffe0   00000002  00000002  00000000  RWIX
  INT01                 0000ffe2   00000002  00000000  00000002  RWIX
  INT02                 0000ffe4   00000002  00000002  00000000  RWIX
  INT03                 0000ffe6   00000002  00000002  00000000  RWIX
  INT04                 0000ffe8   00000002  00000000  00000002  RWIX
  INT05                 0000ffea   00000002  00000002  00000000  RWIX
  INT06                 0000ffec   00000002  00000002  00000000  RWIX
  INT07                 0000ffee   00000002  00000002  00000000  RWIX
  INT08                 0000fff0   00000002  00000002  00000000  RWIX
  INT09                 0000fff2   00000002  00000002  00000000  RWIX
  INT10                 0000fff4   00000002  00000002  00000000  RWIX
  INT11                 0000fff6   00000002  00000002  00000000  RWIX
  INT12                 0000fff8   00000002  00000002  00000000  RWIX
  INT13                 0000fffa   00000002  00000002  00000000  RWIX
  INT14                 0000fffc   00000002  00000002  00000000  RWIX
  RESET                 0000fffe   00000002  00000002  00000000  RWIX


SECTION ALLOCATION MAP

 output                                  attributes/
section   page    origin      length       input sections
--------  ----  ----------  ----------   ----------------
.data      0    00000200    00000004     UNINITIALIZED
                  00000200    00000004     main.obj (.data)

.bss       0    00000204    00000002     UNINITIALIZED
                  00000204    00000002     (.common:count)

.stack     0    000003b0    00000050     UNINITIALIZED
                  000003b0    00000002     rts430_eabi.lib : boot.c.obj (.stack)
                  000003b2    0000004e     --HOLE--

.text      0    0000c000    00000bc8     
                  0000c000    000003c0     main.obj (.text:main)
                  0000c3c0    00000322     main.obj (.text:go)
                  0000c6e2    000000f6     main.obj (.text:OLED_Init)
                  0000c7d8    0000007c     rts430_eabi.lib : copy_decompress_lzss.c.obj (.text:decompress:lzss:__TI_decompress_lzss)
                  0000c854    00000070     main.obj (.text:OLED_ShowChar)
                  0000c8c4    0000004c     rts430_eabi.lib : lsr16.asm.obj (.text)
                  0000c910    00000042     main.obj (.text:OLED_Fill)
                  0000c952    00000042     rts430_eabi.lib : autoinit.c.obj (.text:__TI_auto_init_nobinit_nopinit:__TI_auto_init_nobinit_nopinit)
                  0000c994    00000034     main.obj (.text:Write_IIC_Byte)
                  0000c9c8    0000002c     rts430_eabi.lib : asr16.asm.obj (.text)
                  0000c9f4    0000002c                     : div16s.asm.obj (.text)
                  0000ca20    0000002c                     : lsl16.asm.obj (.text)
                  0000ca4c    0000002a     main.obj (.text:OLED_Set_Pos)
                  0000ca76    00000022     main.obj (.text:OLED_WrDat)
                  0000ca98    00000022     main.obj (.text:Timer_A)
                  0000caba    00000020     main.obj (.text:OLED_WrCmd)
                  0000cada    0000001c     rts430_eabi.lib : boot.c.obj (.text:_c_int00_noargs)
                  0000caf6    00000016                     : div16u.asm.obj (.text)
                  0000cb0c    00000014     main.obj (.text:OLED_WR_Byte)
                  0000cb20    00000014     main.obj (.text:TIMERA_Init)
                  0000cb34    00000014     rts430_eabi.lib : copy_zero_init.c.obj (.text:decompress:ZI:__TI_zero_init_nomemset:__TI_zero_init_nomemset)
                  0000cb48    00000014                     : mult16.asm.obj (.text)
                  0000cb5c    00000012     main.obj (.text:IIC_Start)
                  0000cb6e    00000012     main.obj (.text:IIC_Stop)
                  0000cb80    00000012     rts430_eabi.lib : copy_decompress_none.c.obj (.text:decompress:none:__TI_decompress_none)
                  0000cb92    00000012                     : memcpy.c.obj (.text:memcpy)
                  0000cba4    00000010                     : epilog.asm.obj (.text)
                  0000cbb4    00000008                     : isr_trap.asm.obj (.text:_isr:__TI_ISR_TRAP)
                  0000cbbc    00000006                     : exit.c.obj (.text:abort)
                  0000cbc2    00000004                     : pre_init.c.obj (.text:_system_pre_init)
                  0000cbc6    00000002                     : startup.c.obj (.text:_system_post_cinit)

.const     0    0000cbc8    000005f0     
                  0000cbc8    000005f0     main.obj (.const:.string:F8X16)

.cinit     0    0000d1b8    0000001a     
                  0000d1b8    00000008     (.cinit..data.load) [load image]
                  0000d1c0    00000006     (__TI_handler_table)
                  0000d1c6    00000004     (.cinit..bss.load) [load image, compression = zero_init]
                  0000d1ca    00000008     (__TI_cinit_table)

.binit     0    0000c000    00000000     

.init_array 
*          0    0000c000    00000000     UNINITIALIZED

TRAPINT    0    0000ffe0    00000002     
                  0000ffe0    00000002     rts430_eabi.lib : int00.asm.obj (.int00)

PORT1      0    0000ffe4    00000002     
                  0000ffe4    00000002     rts430_eabi.lib : int02.asm.obj (.int02)

PORT2      0    0000ffe6    00000002     
                  0000ffe6    00000002     rts430_eabi.lib : int03.asm.obj (.int03)

ADC10      0    0000ffea    00000002     
                  0000ffea    00000002     rts430_eabi.lib : int05.asm.obj (.int05)

USCIAB0TX 
*          0    0000ffec    00000002     
                  0000ffec    00000002     rts430_eabi.lib : int06.asm.obj (.int06)

USCIAB0RX 
*          0    0000ffee    00000002     
                  0000ffee    00000002     rts430_eabi.lib : int07.asm.obj (.int07)

TIMER0_A1 
*          0    0000fff0    00000002     
                  0000fff0    00000002     rts430_eabi.lib : int08.asm.obj (.int08)

TIMER0_A0 
*          0    0000fff2    00000002     
                  0000fff2    00000002     main.obj (.int09)

WDT        0    0000fff4    00000002     
                  0000fff4    00000002     rts430_eabi.lib : int10.asm.obj (.int10)

COMPARATORA 
*          0    0000fff6    00000002     
                  0000fff6    00000002     rts430_eabi.lib : int11.asm.obj (.int11)

TIMER1_A1 
*          0    0000fff8    00000002     
                  0000fff8    00000002     rts430_eabi.lib : int12.asm.obj (.int12)

TIMER1_A0 
*          0    0000fffa    00000002     
                  0000fffa    00000002     rts430_eabi.lib : int13.asm.obj (.int13)

NMI        0    0000fffc    00000002     
                  0000fffc    00000002     rts430_eabi.lib : int14.asm.obj (.int14)

.reset     0    0000fffe    00000002     
                  0000fffe    00000002     rts430_eabi.lib : boot.c.obj (.reset)

$fill000   0    0000ffde    00000002     
                  0000ffde    00000002     --HOLE-- [fill = ffff]

MODULE SUMMARY

       Module                       code   ro data   rw data
       ------                       ----   -------   -------
    .\
       main.obj                     2456   1522      6      
    +--+----------------------------+------+---------+---------+
       Total:                       2456   1522      6      
                                                            
    D:\ti\ccs1031\ccs\tools\compiler\ti-cgt-msp430_20.2.5.LTS\lib\rts430_eabi.lib
       copy_decompress_lzss.c.obj   124    0         0      
       lsr16.asm.obj                76     0         0      
       autoinit.c.obj               66     0         0      
       asr16.asm.obj                44     0         0      
       div16s.asm.obj               44     0         0      
       lsl16.asm.obj                44     0         0      
       boot.c.obj                   28     2         0      
       div16u.asm.obj               22     0         0      
       copy_zero_init.c.obj         20     0         0      
       mult16.asm.obj               20     0         0      
       copy_decompress_none.c.obj   18     0         0      
       memcpy.c.obj                 18     0         0      
       epilog.asm.obj               16     0         0      
       isr_trap.asm.obj             8      0         0      
       exit.c.obj                   6      0         0      
       pre_init.c.obj               4      0         0      
       int00.asm.obj                0      2         0      
       int02.asm.obj                0      2         0      
       int03.asm.obj                0      2         0      
       int05.asm.obj                0      2         0      
       int06.asm.obj                0      2         0      
       int07.asm.obj                0      2         0      
       int08.asm.obj                0      2         0      
       int10.asm.obj                0      2         0      
       int11.asm.obj                0      2         0      
       int12.asm.obj                0      2         0      
       int13.asm.obj                0      2         0      
       int14.asm.obj                0      2         0      
       startup.c.obj                2      0         0      
    +--+----------------------------+------+---------+---------+
       Total:                       560    26        0      
                                                            
       Stack:                       0      0         80     
       Linker Generated:            0      26        0      
    +--+----------------------------+------+---------+---------+
       Grand Total:                 3016   1574      86     


LINKER GENERATED COPY TABLES

__TI_cinit_table @ 0000d1ca records: 2, size/record: 4, table size: 8
	.data: load addr=0000d1b8, load size=00000008 bytes, run addr=00000200, run size=00000004 bytes, compression=copy
	.bss: load addr=0000d1c6, load size=00000004 bytes, run addr=00000204, run size=00000002 bytes, compression=zero_init


LINKER GENERATED HANDLER TABLE

__TI_handler_table @ 0000d1c0 records: 3, size/record: 2, table size: 6
	index: 0, handler: __TI_zero_init
	index: 1, handler: __TI_decompress_lzss
	index: 2, handler: __TI_decompress_none


GLOBAL SYMBOLS: SORTED ALPHABETICALLY BY Name 

address   name                          
-------   ----                          
0000004a  ADC10AE0                      
000001b0  ADC10CTL0                     
000001b2  ADC10CTL1                     
00000048  ADC10DTC0                     
00000049  ADC10DTC1                     
000001b4  ADC10MEM                      
000001bc  ADC10SA                       
00000057  BCSCTL1                       
00000058  BCSCTL2                       
00000053  BCSCTL3                       
0000cbbc  C$$EXIT                       
00000059  CACTL1                        
0000005a  CACTL2                        
000010fb  CALBC1_12MHZ                  
000010f9  CALBC1_16MHZ                  
000010ff  CALBC1_1MHZ                   
000010fd  CALBC1_8MHZ                   
000010fa  CALDCO_12MHZ                  
000010f8  CALDCO_16MHZ                  
000010fe  CALDCO_1MHZ                   
000010fc  CALDCO_8MHZ                   
0000005b  CAPD                          
00000056  DCOCTL                        
0000cbc8  F8X16                         
00000128  FCTL1                         
0000012a  FCTL2                         
0000012c  FCTL3                         
00000000  IE1                           
00000001  IE2                           
00000002  IFG1                          
00000003  IFG2                          
0000cb5c  IIC_Start                     
0000cb6e  IIC_Stop                      
0000c910  OLED_Fill                     
0000c6e2  OLED_Init                     
0000ca4c  OLED_Set_Pos                  
0000c854  OLED_ShowChar                 
0000cb0c  OLED_WR_Byte                  
0000caba  OLED_WrCmd                    
0000ca76  OLED_WrDat                    
00000022  P1DIR                         
00000025  P1IE                          
00000024  P1IES                         
00000023  P1IFG                         
00000020  P1IN                          
00000021  P1OUT                         
00000027  P1REN                         
00000026  P1SEL                         
00000041  P1SEL2                        
0000002a  P2DIR                         
0000002d  P2IE                          
0000002c  P2IES                         
0000002b  P2IFG                         
00000028  P2IN                          
00000029  P2OUT                         
0000002f  P2REN                         
0000002e  P2SEL                         
00000042  P2SEL2                        
0000001a  P3DIR                         
00000018  P3IN                          
00000019  P3OUT                         
00000010  P3REN                         
0000001b  P3SEL                         
00000043  P3SEL2                        
00000172  TA0CCR0                       
00000174  TA0CCR1                       
00000176  TA0CCR2                       
00000162  TA0CCTL0                      
00000164  TA0CCTL1                      
00000166  TA0CCTL2                      
00000160  TA0CTL                        
0000012e  TA0IV                         
00000170  TA0R                          
00000192  TA1CCR0                       
00000194  TA1CCR1                       
00000196  TA1CCR2                       
00000182  TA1CCTL0                      
00000184  TA1CCTL1                      
00000186  TA1CCTL2                      
00000180  TA1CTL                        
0000011e  TA1IV                         
00000190  TA1R                          
0000cb20  TIMERA_Init                   
000010db  TLV_ADC10_1_LEN               
000010da  TLV_ADC10_1_TAG               
000010c0  TLV_CHECKSUM                  
000010f7  TLV_DCO_30_LEN                
000010f6  TLV_DCO_30_TAG                
0000ca98  Timer_A                       
0000005d  UCA0ABCTL                     
00000062  UCA0BR0                       
00000063  UCA0BR1                       
00000060  UCA0CTL0                      
00000061  UCA0CTL1                      
0000005f  UCA0IRRCTL                    
0000005e  UCA0IRTCTL                    
00000064  UCA0MCTL                      
00000066  UCA0RXBUF                     
00000065  UCA0STAT                      
00000067  UCA0TXBUF                     
0000006a  UCB0BR0                       
0000006b  UCB0BR1                       
00000068  UCB0CTL0                      
00000069  UCB0CTL1                      
0000006c  UCB0I2CIE                     
00000118  UCB0I2COA                     
0000011a  UCB0I2CSA                     
0000006e  UCB0RXBUF                     
0000006d  UCB0STAT                      
0000006f  UCB0TXBUF                     
00000120  WDTCTL                        
0000c994  Write_IIC_Byte                
00000400  __STACK_END                   
00000050  __STACK_SIZE                  
0000d1ca  __TI_CINIT_Base               
0000d1d2  __TI_CINIT_Limit              
0000d1c0  __TI_Handler_Table_Base       
0000d1c6  __TI_Handler_Table_Limit      
0000cbb4  __TI_ISR_TRAP                 
0000c952  __TI_auto_init_nobinit_nopinit
0000c7d8  __TI_decompress_lzss          
0000cb80  __TI_decompress_none          
0000ffe0  __TI_int00                    
0000ffe4  __TI_int02                    
0000ffe6  __TI_int03                    
0000ffea  __TI_int05                    
0000ffec  __TI_int06                    
0000ffee  __TI_int07                    
0000fff0  __TI_int08                    
0000fff2  __TI_int09                    
0000fff4  __TI_int10                    
0000fff6  __TI_int11                    
0000fff8  __TI_int12                    
0000fffa  __TI_int13                    
0000fffc  __TI_int14                    
ffffffff  __TI_pprof_out_hndl           
ffffffff  __TI_prof_data_size           
ffffffff  __TI_prof_data_start          
0000cb34  __TI_zero_init_nomemset       
ffffffff  __c_args__                    
0000c9f4  __mspabi_divi                 
0000caf6  __mspabi_divu                 
0000cbb0  __mspabi_func_epilog_1        
0000cbae  __mspabi_func_epilog_2        
0000cbac  __mspabi_func_epilog_3        
0000cbaa  __mspabi_func_epilog_4        
0000cba8  __mspabi_func_epilog_5        
0000cba6  __mspabi_func_epilog_6        
0000cba4  __mspabi_func_epilog_7        
0000cb48  __mspabi_mpyi                 
0000cb48  __mspabi_mpyi_sw              
0000c9f4  __mspabi_remi                 
0000caf6  __mspabi_remu                 
0000ca20  __mspabi_slli                 
0000ca48  __mspabi_slli_1               
0000ca36  __mspabi_slli_10              
0000ca34  __mspabi_slli_11              
0000ca32  __mspabi_slli_12              
0000ca30  __mspabi_slli_13              
0000ca2e  __mspabi_slli_14              
0000ca2c  __mspabi_slli_15              
0000ca46  __mspabi_slli_2               
0000ca44  __mspabi_slli_3               
0000ca42  __mspabi_slli_4               
0000ca40  __mspabi_slli_5               
0000ca3e  __mspabi_slli_6               
0000ca3c  __mspabi_slli_7               
0000ca3a  __mspabi_slli_8               
0000ca38  __mspabi_slli_9               
0000c9c8  __mspabi_srai                 
0000c9f0  __mspabi_srai_1               
0000c9de  __mspabi_srai_10              
0000c9dc  __mspabi_srai_11              
0000c9da  __mspabi_srai_12              
0000c9d8  __mspabi_srai_13              
0000c9d6  __mspabi_srai_14              
0000c9d4  __mspabi_srai_15              
0000c9ee  __mspabi_srai_2               
0000c9ec  __mspabi_srai_3               
0000c9ea  __mspabi_srai_4               
0000c9e8  __mspabi_srai_5               
0000c9e6  __mspabi_srai_6               
0000c9e4  __mspabi_srai_7               
0000c9e2  __mspabi_srai_8               
0000c9e0  __mspabi_srai_9               
0000c8c4  __mspabi_srli                 
0000c90a  __mspabi_srli_1               
0000c8e6  __mspabi_srli_10              
0000c8e2  __mspabi_srli_11              
0000c8de  __mspabi_srli_12              
0000c8da  __mspabi_srli_13              
0000c8d6  __mspabi_srli_14              
0000c8d2  __mspabi_srli_15              
0000c906  __mspabi_srli_2               
0000c902  __mspabi_srli_3               
0000c8fe  __mspabi_srli_4               
0000c8fa  __mspabi_srli_5               
0000c8f6  __mspabi_srli_6               
0000c8f2  __mspabi_srli_7               
0000c8ee  __mspabi_srli_8               
0000c8ea  __mspabi_srli_9               
0000cada  _c_int00_noargs               
0000fffe  _reset_vector                 
000003b0  _stack                        
0000cbc6  _system_post_cinit            
0000cbc2  _system_pre_init              
0000cbbc  abort                         
00000204  count                         
0000c3c0  go                            
0000c000  main                          
0000cb92  memcpy                        
00000202  setmode                       
00000200  t_miao                        


GLOBAL SYMBOLS: SORTED BY Symbol Address 

address   name                          
-------   ----                          
00000000  IE1                           
00000001  IE2                           
00000002  IFG1                          
00000003  IFG2                          
00000010  P3REN                         
00000018  P3IN                          
00000019  P3OUT                         
0000001a  P3DIR                         
0000001b  P3SEL                         
00000020  P1IN                          
00000021  P1OUT                         
00000022  P1DIR                         
00000023  P1IFG                         
00000024  P1IES                         
00000025  P1IE                          
00000026  P1SEL                         
00000027  P1REN                         
00000028  P2IN                          
00000029  P2OUT                         
0000002a  P2DIR                         
0000002b  P2IFG                         
0000002c  P2IES                         
0000002d  P2IE                          
0000002e  P2SEL                         
0000002f  P2REN                         
00000041  P1SEL2                        
00000042  P2SEL2                        
00000043  P3SEL2                        
00000048  ADC10DTC0                     
00000049  ADC10DTC1                     
0000004a  ADC10AE0                      
00000050  __STACK_SIZE                  
00000053  BCSCTL3                       
00000056  DCOCTL                        
00000057  BCSCTL1                       
00000058  BCSCTL2                       
00000059  CACTL1                        
0000005a  CACTL2                        
0000005b  CAPD                          
0000005d  UCA0ABCTL                     
0000005e  UCA0IRTCTL                    
0000005f  UCA0IRRCTL                    
00000060  UCA0CTL0                      
00000061  UCA0CTL1                      
00000062  UCA0BR0                       
00000063  UCA0BR1                       
00000064  UCA0MCTL                      
00000065  UCA0STAT                      
00000066  UCA0RXBUF                     
00000067  UCA0TXBUF                     
00000068  UCB0CTL0                      
00000069  UCB0CTL1                      
0000006a  UCB0BR0                       
0000006b  UCB0BR1                       
0000006c  UCB0I2CIE                     
0000006d  UCB0STAT                      
0000006e  UCB0RXBUF                     
0000006f  UCB0TXBUF                     
00000118  UCB0I2COA                     
0000011a  UCB0I2CSA                     
0000011e  TA1IV                         
00000120  WDTCTL                        
00000128  FCTL1                         
0000012a  FCTL2                         
0000012c  FCTL3                         
0000012e  TA0IV                         
00000160  TA0CTL                        
00000162  TA0CCTL0                      
00000164  TA0CCTL1                      
00000166  TA0CCTL2                      
00000170  TA0R                          
00000172  TA0CCR0                       
00000174  TA0CCR1                       
00000176  TA0CCR2                       
00000180  TA1CTL                        
00000182  TA1CCTL0                      
00000184  TA1CCTL1                      
00000186  TA1CCTL2                      
00000190  TA1R                          
00000192  TA1CCR0                       
00000194  TA1CCR1                       
00000196  TA1CCR2                       
000001b0  ADC10CTL0                     
000001b2  ADC10CTL1                     
000001b4  ADC10MEM                      
000001bc  ADC10SA                       
00000200  t_miao                        
00000202  setmode                       
00000204  count                         
000003b0  _stack                        
00000400  __STACK_END                   
000010c0  TLV_CHECKSUM                  
000010da  TLV_ADC10_1_TAG               
000010db  TLV_ADC10_1_LEN               
000010f6  TLV_DCO_30_TAG                
000010f7  TLV_DCO_30_LEN                
000010f8  CALDCO_16MHZ                  
000010f9  CALBC1_16MHZ                  
000010fa  CALDCO_12MHZ                  
000010fb  CALBC1_12MHZ                  
000010fc  CALDCO_8MHZ                   
000010fd  CALBC1_8MHZ                   
000010fe  CALDCO_1MHZ                   
000010ff  CALBC1_1MHZ                   
0000c000  main                          
0000c3c0  go                            
0000c6e2  OLED_Init                     
0000c7d8  __TI_decompress_lzss          
0000c854  OLED_ShowChar                 
0000c8c4  __mspabi_srli                 
0000c8d2  __mspabi_srli_15              
0000c8d6  __mspabi_srli_14              
0000c8da  __mspabi_srli_13              
0000c8de  __mspabi_srli_12              
0000c8e2  __mspabi_srli_11              
0000c8e6  __mspabi_srli_10              
0000c8ea  __mspabi_srli_9               
0000c8ee  __mspabi_srli_8               
0000c8f2  __mspabi_srli_7               
0000c8f6  __mspabi_srli_6               
0000c8fa  __mspabi_srli_5               
0000c8fe  __mspabi_srli_4               
0000c902  __mspabi_srli_3               
0000c906  __mspabi_srli_2               
0000c90a  __mspabi_srli_1               
0000c910  OLED_Fill                     
0000c952  __TI_auto_init_nobinit_nopinit
0000c994  Write_IIC_Byte                
0000c9c8  __mspabi_srai                 
0000c9d4  __mspabi_srai_15              
0000c9d6  __mspabi_srai_14              
0000c9d8  __mspabi_srai_13              
0000c9da  __mspabi_srai_12              
0000c9dc  __mspabi_srai_11              
0000c9de  __mspabi_srai_10              
0000c9e0  __mspabi_srai_9               
0000c9e2  __mspabi_srai_8               
0000c9e4  __mspabi_srai_7               
0000c9e6  __mspabi_srai_6               
0000c9e8  __mspabi_srai_5               
0000c9ea  __mspabi_srai_4               
0000c9ec  __mspabi_srai_3               
0000c9ee  __mspabi_srai_2               
0000c9f0  __mspabi_srai_1               
0000c9f4  __mspabi_divi                 
0000c9f4  __mspabi_remi                 
0000ca20  __mspabi_slli                 
0000ca2c  __mspabi_slli_15              
0000ca2e  __mspabi_slli_14              
0000ca30  __mspabi_slli_13              
0000ca32  __mspabi_slli_12              
0000ca34  __mspabi_slli_11              
0000ca36  __mspabi_slli_10              
0000ca38  __mspabi_slli_9               
0000ca3a  __mspabi_slli_8               
0000ca3c  __mspabi_slli_7               
0000ca3e  __mspabi_slli_6               
0000ca40  __mspabi_slli_5               
0000ca42  __mspabi_slli_4               
0000ca44  __mspabi_slli_3               
0000ca46  __mspabi_slli_2               
0000ca48  __mspabi_slli_1               
0000ca4c  OLED_Set_Pos                  
0000ca76  OLED_WrDat                    
0000ca98  Timer_A                       
0000caba  OLED_WrCmd                    
0000cada  _c_int00_noargs               
0000caf6  __mspabi_divu                 
0000caf6  __mspabi_remu                 
0000cb0c  OLED_WR_Byte                  
0000cb20  TIMERA_Init                   
0000cb34  __TI_zero_init_nomemset       
0000cb48  __mspabi_mpyi                 
0000cb48  __mspabi_mpyi_sw              
0000cb5c  IIC_Start                     
0000cb6e  IIC_Stop                      
0000cb80  __TI_decompress_none          
0000cb92  memcpy                        
0000cba4  __mspabi_func_epilog_7        
0000cba6  __mspabi_func_epilog_6        
0000cba8  __mspabi_func_epilog_5        
0000cbaa  __mspabi_func_epilog_4        
0000cbac  __mspabi_func_epilog_3        
0000cbae  __mspabi_func_epilog_2        
0000cbb0  __mspabi_func_epilog_1        
0000cbb4  __TI_ISR_TRAP                 
0000cbbc  C$$EXIT                       
0000cbbc  abort                         
0000cbc2  _system_pre_init              
0000cbc6  _system_post_cinit            
0000cbc8  F8X16                         
0000d1c0  __TI_Handler_Table_Base       
0000d1c6  __TI_Handler_Table_Limit      
0000d1ca  __TI_CINIT_Base               
0000d1d2  __TI_CINIT_Limit              
0000ffe0  __TI_int00                    
0000ffe4  __TI_int02                    
0000ffe6  __TI_int03                    
0000ffea  __TI_int05                    
0000ffec  __TI_int06                    
0000ffee  __TI_int07                    
0000fff0  __TI_int08                    
0000fff2  __TI_int09                    
0000fff4  __TI_int10                    
0000fff6  __TI_int11                    
0000fff8  __TI_int12                    
0000fffa  __TI_int13                    
0000fffc  __TI_int14                    
0000fffe  _reset_vector                 
ffffffff  __TI_pprof_out_hndl           
ffffffff  __TI_prof_data_size           
ffffffff  __TI_prof_data_start          
ffffffff  __c_args__                    

[213 symbols]
