<?xml version="1.0" encoding="ISO-8859-1" ?>
<link_info>
   <banner>MSP430 Linker PC v20.2.5.LTS</banner>
   <copyright>Copyright (c) 2003-2018 Texas Instruments Incorporated</copyright>
   <link_time>0x60c9a8f7</link_time>
   <link_errors>0x0</link_errors>
   <output_file>car_test.out</output_file>
   <entry_point>
      <name>_c_int00_noargs</name>
      <address>0xcacc</address>
   </entry_point>
   <input_file_list>
      <input_file id="fl-2">
         <path>.\</path>
         <kind>object</kind>
         <file>main.obj</file>
         <name>main.obj</name>
      </input_file>
      <input_file id="fl-7">
         <kind>object</kind>
         <file>&lt;internal&gt;</file>
         <name>&lt;internal&gt;</name>
      </input_file>
      <input_file id="fl-1d">
         <path>D:\ti\ccs1031\ccs\tools\compiler\ti-cgt-msp430_20.2.5.LTS\lib\</path>
         <kind>archive</kind>
         <file>rts430_eabi.lib</file>
         <name>asr16.asm.obj</name>
      </input_file>
      <input_file id="fl-1e">
         <path>D:\ti\ccs1031\ccs\tools\compiler\ti-cgt-msp430_20.2.5.LTS\lib\</path>
         <kind>archive</kind>
         <file>rts430_eabi.lib</file>
         <name>div16s.asm.obj</name>
      </input_file>
      <input_file id="fl-1f">
         <path>D:\ti\ccs1031\ccs\tools\compiler\ti-cgt-msp430_20.2.5.LTS\lib\</path>
         <kind>archive</kind>
         <file>rts430_eabi.lib</file>
         <name>div16u.asm.obj</name>
      </input_file>
      <input_file id="fl-20">
         <path>D:\ti\ccs1031\ccs\tools\compiler\ti-cgt-msp430_20.2.5.LTS\lib\</path>
         <kind>archive</kind>
         <file>rts430_eabi.lib</file>
         <name>epilog.asm.obj</name>
      </input_file>
      <input_file id="fl-21">
         <path>D:\ti\ccs1031\ccs\tools\compiler\ti-cgt-msp430_20.2.5.LTS\lib\</path>
         <kind>archive</kind>
         <file>rts430_eabi.lib</file>
         <name>int00.asm.obj</name>
      </input_file>
      <input_file id="fl-22">
         <path>D:\ti\ccs1031\ccs\tools\compiler\ti-cgt-msp430_20.2.5.LTS\lib\</path>
         <kind>archive</kind>
         <file>rts430_eabi.lib</file>
         <name>int02.asm.obj</name>
      </input_file>
      <input_file id="fl-23">
         <path>D:\ti\ccs1031\ccs\tools\compiler\ti-cgt-msp430_20.2.5.LTS\lib\</path>
         <kind>archive</kind>
         <file>rts430_eabi.lib</file>
         <name>int03.asm.obj</name>
      </input_file>
      <input_file id="fl-24">
         <path>D:\ti\ccs1031\ccs\tools\compiler\ti-cgt-msp430_20.2.5.LTS\lib\</path>
         <kind>archive</kind>
         <file>rts430_eabi.lib</file>
         <name>int05.asm.obj</name>
      </input_file>
      <input_file id="fl-25">
         <path>D:\ti\ccs1031\ccs\tools\compiler\ti-cgt-msp430_20.2.5.LTS\lib\</path>
         <kind>archive</kind>
         <file>rts430_eabi.lib</file>
         <name>int06.asm.obj</name>
      </input_file>
      <input_file id="fl-26">
         <path>D:\ti\ccs1031\ccs\tools\compiler\ti-cgt-msp430_20.2.5.LTS\lib\</path>
         <kind>archive</kind>
         <file>rts430_eabi.lib</file>
         <name>int07.asm.obj</name>
      </input_file>
      <input_file id="fl-27">
         <path>D:\ti\ccs1031\ccs\tools\compiler\ti-cgt-msp430_20.2.5.LTS\lib\</path>
         <kind>archive</kind>
         <file>rts430_eabi.lib</file>
         <name>int08.asm.obj</name>
      </input_file>
      <input_file id="fl-28">
         <path>D:\ti\ccs1031\ccs\tools\compiler\ti-cgt-msp430_20.2.5.LTS\lib\</path>
         <kind>archive</kind>
         <file>rts430_eabi.lib</file>
         <name>int10.asm.obj</name>
      </input_file>
      <input_file id="fl-29">
         <path>D:\ti\ccs1031\ccs\tools\compiler\ti-cgt-msp430_20.2.5.LTS\lib\</path>
         <kind>archive</kind>
         <file>rts430_eabi.lib</file>
         <name>int11.asm.obj</name>
      </input_file>
      <input_file id="fl-2a">
         <path>D:\ti\ccs1031\ccs\tools\compiler\ti-cgt-msp430_20.2.5.LTS\lib\</path>
         <kind>archive</kind>
         <file>rts430_eabi.lib</file>
         <name>int12.asm.obj</name>
      </input_file>
      <input_file id="fl-2b">
         <path>D:\ti\ccs1031\ccs\tools\compiler\ti-cgt-msp430_20.2.5.LTS\lib\</path>
         <kind>archive</kind>
         <file>rts430_eabi.lib</file>
         <name>int13.asm.obj</name>
      </input_file>
      <input_file id="fl-2c">
         <path>D:\ti\ccs1031\ccs\tools\compiler\ti-cgt-msp430_20.2.5.LTS\lib\</path>
         <kind>archive</kind>
         <file>rts430_eabi.lib</file>
         <name>int14.asm.obj</name>
      </input_file>
      <input_file id="fl-2d">
         <path>D:\ti\ccs1031\ccs\tools\compiler\ti-cgt-msp430_20.2.5.LTS\lib\</path>
         <kind>archive</kind>
         <file>rts430_eabi.lib</file>
         <name>isr_trap.asm.obj</name>
      </input_file>
      <input_file id="fl-2e">
         <path>D:\ti\ccs1031\ccs\tools\compiler\ti-cgt-msp430_20.2.5.LTS\lib\</path>
         <kind>archive</kind>
         <file>rts430_eabi.lib</file>
         <name>lsl16.asm.obj</name>
      </input_file>
      <input_file id="fl-2f">
         <path>D:\ti\ccs1031\ccs\tools\compiler\ti-cgt-msp430_20.2.5.LTS\lib\</path>
         <kind>archive</kind>
         <file>rts430_eabi.lib</file>
         <name>mult16.asm.obj</name>
      </input_file>
      <input_file id="fl-30">
         <path>D:\ti\ccs1031\ccs\tools\compiler\ti-cgt-msp430_20.2.5.LTS\lib\</path>
         <kind>archive</kind>
         <file>rts430_eabi.lib</file>
         <name>boot.c.obj</name>
      </input_file>
      <input_file id="fl-31">
         <path>D:\ti\ccs1031\ccs\tools\compiler\ti-cgt-msp430_20.2.5.LTS\lib\</path>
         <kind>archive</kind>
         <file>rts430_eabi.lib</file>
         <name>autoinit.c.obj</name>
      </input_file>
      <input_file id="fl-32">
         <path>D:\ti\ccs1031\ccs\tools\compiler\ti-cgt-msp430_20.2.5.LTS\lib\</path>
         <kind>archive</kind>
         <file>rts430_eabi.lib</file>
         <name>copy_zero_init.c.obj</name>
      </input_file>
      <input_file id="fl-33">
         <path>D:\ti\ccs1031\ccs\tools\compiler\ti-cgt-msp430_20.2.5.LTS\lib\</path>
         <kind>archive</kind>
         <file>rts430_eabi.lib</file>
         <name>cpy_tbl.c.obj</name>
      </input_file>
      <input_file id="fl-34">
         <path>D:\ti\ccs1031\ccs\tools\compiler\ti-cgt-msp430_20.2.5.LTS\lib\</path>
         <kind>archive</kind>
         <file>rts430_eabi.lib</file>
         <name>mpu_init.c.obj</name>
      </input_file>
      <input_file id="fl-35">
         <path>D:\ti\ccs1031\ccs\tools\compiler\ti-cgt-msp430_20.2.5.LTS\lib\</path>
         <kind>archive</kind>
         <file>rts430_eabi.lib</file>
         <name>pre_init.c.obj</name>
      </input_file>
      <input_file id="fl-36">
         <path>D:\ti\ccs1031\ccs\tools\compiler\ti-cgt-msp430_20.2.5.LTS\lib\</path>
         <kind>archive</kind>
         <file>rts430_eabi.lib</file>
         <name>startup.c.obj</name>
      </input_file>
      <input_file id="fl-37">
         <path>D:\ti\ccs1031\ccs\tools\compiler\ti-cgt-msp430_20.2.5.LTS\lib\</path>
         <kind>archive</kind>
         <file>rts430_eabi.lib</file>
         <name>copy_decompress_none.c.obj</name>
      </input_file>
      <input_file id="fl-38">
         <path>D:\ti\ccs1031\ccs\tools\compiler\ti-cgt-msp430_20.2.5.LTS\lib\</path>
         <kind>archive</kind>
         <file>rts430_eabi.lib</file>
         <name>copy_decompress_lzss.c.obj</name>
      </input_file>
      <input_file id="fl-39">
         <path>D:\ti\ccs1031\ccs\tools\compiler\ti-cgt-msp430_20.2.5.LTS\lib\</path>
         <kind>archive</kind>
         <file>rts430_eabi.lib</file>
         <name>exit.c.obj</name>
      </input_file>
      <input_file id="fl-3a">
         <path>D:\ti\ccs1031\ccs\tools\compiler\ti-cgt-msp430_20.2.5.LTS\lib\</path>
         <kind>archive</kind>
         <file>rts430_eabi.lib</file>
         <name>_lock.c.obj</name>
      </input_file>
      <input_file id="fl-3b">
         <path>D:\ti\ccs1031\ccs\tools\compiler\ti-cgt-msp430_20.2.5.LTS\lib\</path>
         <kind>archive</kind>
         <file>rts430_eabi.lib</file>
         <name>args_main.c.obj</name>
      </input_file>
      <input_file id="fl-3c">
         <path>D:\ti\ccs1031\ccs\tools\compiler\ti-cgt-msp430_20.2.5.LTS\lib\</path>
         <kind>archive</kind>
         <file>rts430_eabi.lib</file>
         <name>memcpy.c.obj</name>
      </input_file>
      <input_file id="fl-3d">
         <path>D:\ti\ccs1031\ccs\tools\compiler\ti-cgt-msp430_20.2.5.LTS\lib\</path>
         <kind>archive</kind>
         <file>rts430_eabi.lib</file>
         <name>lsr16.asm.obj</name>
      </input_file>
      <input_file id="fl-3e">
         <path>D:\ti\ccs1031\ccs\tools\compiler\ti-cgt-msp430_20.2.5.LTS\lib\</path>
         <kind>archive</kind>
         <file>rts430_eabi.lib</file>
         <name>exit_gvars.c.obj</name>
      </input_file>
   </input_file_list>
   <object_component_list>
      <object_component id="oc-13d">
         <name>.common:count</name>
         <uninitialized>true</uninitialized>
         <run_address>0x204</run_address>
         <size>0x2</size>
      </object_component>
      <object_component id="oc-140">
         <name>.data</name>
         <load_address>0x200</load_address>
         <run_address>0x200</run_address>
         <size>0x4</size>
         <input_file_ref idref="fl-2"/>
      </object_component>
      <object_component id="oc-b1">
         <name>.stack</name>
         <uninitialized>true</uninitialized>
         <run_address>0x3b0</run_address>
         <size>0x2</size>
         <input_file_ref idref="fl-30"/>
      </object_component>
      <object_component id="oc-2e7">
         <name>.stack</name>
         <uninitialized>true</uninitialized>
         <run_address>0x3b0</run_address>
         <size>0x0</size>
      </object_component>
      <object_component id="oc-152">
         <name>.text:main</name>
         <load_address>0xc000</load_address>
         <run_address>0xc000</run_address>
         <size>0x3b2</size>
         <input_file_ref idref="fl-2"/>
      </object_component>
      <object_component id="oc-1a1">
         <name>.text:go</name>
         <load_address>0xc3b2</load_address>
         <run_address>0xc3b2</run_address>
         <size>0x322</size>
         <input_file_ref idref="fl-2"/>
      </object_component>
      <object_component id="oc-190">
         <name>.text:OLED_Init</name>
         <load_address>0xc6d4</load_address>
         <run_address>0xc6d4</run_address>
         <size>0xf6</size>
         <input_file_ref idref="fl-2"/>
      </object_component>
      <object_component id="oc-34">
         <name>.text:decompress:lzss:__TI_decompress_lzss</name>
         <load_address>0xc7ca</load_address>
         <run_address>0xc7ca</run_address>
         <size>0x7c</size>
         <input_file_ref idref="fl-38"/>
      </object_component>
      <object_component id="oc-196">
         <name>.text:OLED_ShowChar</name>
         <load_address>0xc846</load_address>
         <run_address>0xc846</run_address>
         <size>0x70</size>
         <input_file_ref idref="fl-2"/>
      </object_component>
      <object_component id="oc-ba">
         <name>.text</name>
         <load_address>0xc8b6</load_address>
         <run_address>0xc8b6</run_address>
         <size>0x4c</size>
         <input_file_ref idref="fl-3d"/>
      </object_component>
      <object_component id="oc-1f0">
         <name>.text:OLED_Fill</name>
         <load_address>0xc902</load_address>
         <run_address>0xc902</run_address>
         <size>0x42</size>
         <input_file_ref idref="fl-2"/>
      </object_component>
      <object_component id="oc-1b4">
         <name>.text:__TI_auto_init_nobinit_nopinit:__TI_auto_init_nobinit_nopinit</name>
         <load_address>0xc944</load_address>
         <run_address>0xc944</run_address>
         <size>0x42</size>
         <input_file_ref idref="fl-31"/>
      </object_component>
      <object_component id="oc-24c">
         <name>.text:Write_IIC_Byte</name>
         <load_address>0xc986</load_address>
         <run_address>0xc986</run_address>
         <size>0x34</size>
         <input_file_ref idref="fl-2"/>
      </object_component>
      <object_component id="oc-260">
         <name>.text</name>
         <load_address>0xc9ba</load_address>
         <run_address>0xc9ba</run_address>
         <size>0x2c</size>
         <input_file_ref idref="fl-1d"/>
      </object_component>
      <object_component id="oc-19c">
         <name>.text</name>
         <load_address>0xc9e6</load_address>
         <run_address>0xc9e6</run_address>
         <size>0x2c</size>
         <input_file_ref idref="fl-1e"/>
      </object_component>
      <object_component id="oc-b5">
         <name>.text</name>
         <load_address>0xca12</load_address>
         <run_address>0xca12</run_address>
         <size>0x2c</size>
         <input_file_ref idref="fl-2e"/>
      </object_component>
      <object_component id="oc-1f6">
         <name>.text:OLED_Set_Pos</name>
         <load_address>0xca3e</load_address>
         <run_address>0xca3e</run_address>
         <size>0x2a</size>
         <input_file_ref idref="fl-2"/>
      </object_component>
      <object_component id="oc-259">
         <name>.text:OLED_WrDat</name>
         <load_address>0xca68</load_address>
         <run_address>0xca68</run_address>
         <size>0x22</size>
         <input_file_ref idref="fl-2"/>
      </object_component>
      <object_component id="oc-e1">
         <name>.text:Timer_A</name>
         <load_address>0xca8a</load_address>
         <run_address>0xca8a</run_address>
         <size>0x22</size>
         <input_file_ref idref="fl-2"/>
      </object_component>
      <object_component id="oc-1ea">
         <name>.text:OLED_WrCmd</name>
         <load_address>0xcaac</load_address>
         <run_address>0xcaac</run_address>
         <size>0x20</size>
         <input_file_ref idref="fl-2"/>
      </object_component>
      <object_component id="oc-f9">
         <name>.text:_c_int00_noargs</name>
         <load_address>0xcacc</load_address>
         <run_address>0xcacc</run_address>
         <size>0x1c</size>
         <input_file_ref idref="fl-30"/>
      </object_component>
      <object_component id="oc-207">
         <name>.text</name>
         <load_address>0xcae8</load_address>
         <run_address>0xcae8</run_address>
         <size>0x16</size>
         <input_file_ref idref="fl-1f"/>
      </object_component>
      <object_component id="oc-200">
         <name>.text:OLED_WR_Byte</name>
         <load_address>0xcafe</load_address>
         <run_address>0xcafe</run_address>
         <size>0x14</size>
         <input_file_ref idref="fl-2"/>
      </object_component>
      <object_component id="oc-18a">
         <name>.text:TIMERA_Init</name>
         <load_address>0xcb12</load_address>
         <run_address>0xcb12</run_address>
         <size>0x14</size>
         <input_file_ref idref="fl-2"/>
      </object_component>
      <object_component id="oc-e7">
         <name>.text:decompress:ZI:__TI_zero_init_nomemset:__TI_zero_init_nomemset</name>
         <load_address>0xcb26</load_address>
         <run_address>0xcb26</run_address>
         <size>0x14</size>
         <input_file_ref idref="fl-32"/>
      </object_component>
      <object_component id="oc-20d">
         <name>.text</name>
         <load_address>0xcb3a</load_address>
         <run_address>0xcb3a</run_address>
         <size>0x14</size>
         <input_file_ref idref="fl-2f"/>
      </object_component>
      <object_component id="oc-246">
         <name>.text:IIC_Start</name>
         <load_address>0xcb4e</load_address>
         <run_address>0xcb4e</run_address>
         <size>0x12</size>
         <input_file_ref idref="fl-2"/>
      </object_component>
      <object_component id="oc-252">
         <name>.text:IIC_Stop</name>
         <load_address>0xcb60</load_address>
         <run_address>0xcb60</run_address>
         <size>0x12</size>
         <input_file_ref idref="fl-2"/>
      </object_component>
      <object_component id="oc-3a">
         <name>.text:decompress:none:__TI_decompress_none</name>
         <load_address>0xcb72</load_address>
         <run_address>0xcb72</run_address>
         <size>0x12</size>
         <input_file_ref idref="fl-37"/>
      </object_component>
      <object_component id="oc-cf">
         <name>.text:memcpy</name>
         <load_address>0xcb84</load_address>
         <run_address>0xcb84</run_address>
         <size>0x12</size>
         <input_file_ref idref="fl-3c"/>
      </object_component>
      <object_component id="oc-bf">
         <name>.text</name>
         <load_address>0xcb96</load_address>
         <run_address>0xcb96</run_address>
         <size>0x10</size>
         <input_file_ref idref="fl-20"/>
      </object_component>
      <object_component id="oc-184">
         <name>.text:Clock_Init</name>
         <load_address>0xcba6</load_address>
         <run_address>0xcba6</run_address>
         <size>0xe</size>
         <input_file_ref idref="fl-2"/>
      </object_component>
      <object_component id="oc-17e">
         <name>.text:WDT_Init</name>
         <load_address>0xcbb4</load_address>
         <run_address>0xcbb4</run_address>
         <size>0x8</size>
         <input_file_ref idref="fl-2"/>
      </object_component>
      <object_component id="oc-dc">
         <name>.text:_isr:__TI_ISR_TRAP</name>
         <load_address>0xcbbc</load_address>
         <run_address>0xcbbc</run_address>
         <size>0x8</size>
         <input_file_ref idref="fl-2d"/>
      </object_component>
      <object_component id="oc-1a8">
         <name>.text:abort</name>
         <load_address>0xcbc4</load_address>
         <run_address>0xcbc4</run_address>
         <size>0x6</size>
         <input_file_ref idref="fl-39"/>
      </object_component>
      <object_component id="oc-14c">
         <name>.text:_system_pre_init</name>
         <load_address>0xcbca</load_address>
         <run_address>0xcbca</run_address>
         <size>0x4</size>
         <input_file_ref idref="fl-35"/>
      </object_component>
      <object_component id="oc-225">
         <name>.text:_system_post_cinit</name>
         <load_address>0xcbce</load_address>
         <run_address>0xcbce</run_address>
         <size>0x2</size>
         <input_file_ref idref="fl-36"/>
      </object_component>
      <object_component id="oc-2e6">
         <name>.cinit..data.load</name>
         <load_address>0xd1c0</load_address>
         <run_address>0xd1c0</run_address>
         <size>0x8</size>
      </object_component>
      <object_component id="oc-2e3">
         <name>__TI_handler_table</name>
         <load_address>0xd1c8</load_address>
         <run_address>0xd1c8</run_address>
         <size>0x6</size>
      </object_component>
      <object_component id="oc-2e5">
         <name>.cinit..bss.load</name>
         <load_address>0xd1ce</load_address>
         <run_address>0xd1ce</run_address>
         <size>0x4</size>
      </object_component>
      <object_component id="oc-2e4">
         <name>__TI_cinit_table</name>
         <load_address>0xd1d2</load_address>
         <run_address>0xd1d2</run_address>
         <size>0x8</size>
      </object_component>
      <object_component id="oc-1fd">
         <name>.const:.string:F8X16</name>
         <load_address>0xcbd0</load_address>
         <run_address>0xcbd0</run_address>
         <size>0x5f0</size>
         <input_file_ref idref="fl-2"/>
      </object_component>
      <object_component id="oc-2a5">
         <name>.binit</name>
         <load_address>0xc000</load_address>
         <run_address>0xc000</run_address>
         <size>0x0</size>
      </object_component>
      <object_component id="oc-40">
         <name>.int00</name>
         <load_address>0xffe0</load_address>
         <run_address>0xffe0</run_address>
         <size>0x2</size>
         <input_file_ref idref="fl-21"/>
      </object_component>
      <object_component id="oc-41">
         <name>.int02</name>
         <load_address>0xffe4</load_address>
         <run_address>0xffe4</run_address>
         <size>0x2</size>
         <input_file_ref idref="fl-22"/>
      </object_component>
      <object_component id="oc-42">
         <name>.int03</name>
         <load_address>0xffe6</load_address>
         <run_address>0xffe6</run_address>
         <size>0x2</size>
         <input_file_ref idref="fl-23"/>
      </object_component>
      <object_component id="oc-43">
         <name>.int05</name>
         <load_address>0xffea</load_address>
         <run_address>0xffea</run_address>
         <size>0x2</size>
         <input_file_ref idref="fl-24"/>
      </object_component>
      <object_component id="oc-44">
         <name>.int06</name>
         <load_address>0xffec</load_address>
         <run_address>0xffec</run_address>
         <size>0x2</size>
         <input_file_ref idref="fl-25"/>
      </object_component>
      <object_component id="oc-45">
         <name>.int07</name>
         <load_address>0xffee</load_address>
         <run_address>0xffee</run_address>
         <size>0x2</size>
         <input_file_ref idref="fl-26"/>
      </object_component>
      <object_component id="oc-46">
         <name>.int08</name>
         <load_address>0xfff0</load_address>
         <run_address>0xfff0</run_address>
         <size>0x2</size>
         <input_file_ref idref="fl-27"/>
      </object_component>
      <object_component id="oc-47">
         <name>.int09</name>
         <load_address>0xfff2</load_address>
         <run_address>0xfff2</run_address>
         <size>0x2</size>
         <input_file_ref idref="fl-2"/>
      </object_component>
      <object_component id="oc-48">
         <name>.int10</name>
         <load_address>0xfff4</load_address>
         <run_address>0xfff4</run_address>
         <size>0x2</size>
         <input_file_ref idref="fl-28"/>
      </object_component>
      <object_component id="oc-49">
         <name>.int11</name>
         <load_address>0xfff6</load_address>
         <run_address>0xfff6</run_address>
         <size>0x2</size>
         <input_file_ref idref="fl-29"/>
      </object_component>
      <object_component id="oc-4a">
         <name>.int12</name>
         <load_address>0xfff8</load_address>
         <run_address>0xfff8</run_address>
         <size>0x2</size>
         <input_file_ref idref="fl-2a"/>
      </object_component>
      <object_component id="oc-4b">
         <name>.int13</name>
         <load_address>0xfffa</load_address>
         <run_address>0xfffa</run_address>
         <size>0x2</size>
         <input_file_ref idref="fl-2b"/>
      </object_component>
      <object_component id="oc-4c">
         <name>.int14</name>
         <load_address>0xfffc</load_address>
         <run_address>0xfffc</run_address>
         <size>0x2</size>
         <input_file_ref idref="fl-2c"/>
      </object_component>
      <object_component id="oc-b4">
         <name>.reset</name>
         <load_address>0xfffe</load_address>
         <run_address>0xfffe</run_address>
         <size>0x2</size>
         <input_file_ref idref="fl-30"/>
      </object_component>
      <object_component id="oc-13e">
         <name>.debug_info</name>
         <load_address>0x0</load_address>
         <run_address>0x0</run_address>
         <size>0x445</size>
         <input_file_ref idref="fl-2"/>
      </object_component>
      <object_component id="oc-1fe">
         <name>.debug_info</name>
         <load_address>0x445</load_address>
         <run_address>0x445</run_address>
         <size>0xb9</size>
         <input_file_ref idref="fl-2"/>
      </object_component>
      <object_component id="oc-141">
         <name>.debug_info</name>
         <load_address>0x4fe</load_address>
         <run_address>0x4fe</run_address>
         <size>0xda</size>
         <input_file_ref idref="fl-2"/>
      </object_component>
      <object_component id="oc-17f">
         <name>.debug_info</name>
         <load_address>0x5d8</load_address>
         <run_address>0x5d8</run_address>
         <size>0xed</size>
         <input_file_ref idref="fl-2"/>
      </object_component>
      <object_component id="oc-185">
         <name>.debug_info</name>
         <load_address>0x6c5</load_address>
         <run_address>0x6c5</run_address>
         <size>0xf1</size>
         <input_file_ref idref="fl-2"/>
      </object_component>
      <object_component id="oc-18b">
         <name>.debug_info</name>
         <load_address>0x7b6</load_address>
         <run_address>0x7b6</run_address>
         <size>0xef</size>
         <input_file_ref idref="fl-2"/>
      </object_component>
      <object_component id="oc-247">
         <name>.debug_info</name>
         <load_address>0x8a5</load_address>
         <run_address>0x8a5</run_address>
         <size>0xeb</size>
         <input_file_ref idref="fl-2"/>
      </object_component>
      <object_component id="oc-24d">
         <name>.debug_info</name>
         <load_address>0x990</load_address>
         <run_address>0x990</run_address>
         <size>0x132</size>
         <input_file_ref idref="fl-2"/>
      </object_component>
      <object_component id="oc-253">
         <name>.debug_info</name>
         <load_address>0xac2</load_address>
         <run_address>0xac2</run_address>
         <size>0xe9</size>
         <input_file_ref idref="fl-2"/>
      </object_component>
      <object_component id="oc-1eb">
         <name>.debug_info</name>
         <load_address>0xbab</load_address>
         <run_address>0xbab</run_address>
         <size>0x189</size>
         <input_file_ref idref="fl-2"/>
      </object_component>
      <object_component id="oc-25a">
         <name>.debug_info</name>
         <load_address>0xd34</load_address>
         <run_address>0xd34</run_address>
         <size>0x17d</size>
         <input_file_ref idref="fl-2"/>
      </object_component>
      <object_component id="oc-1f1">
         <name>.debug_info</name>
         <load_address>0xeb1</load_address>
         <run_address>0xeb1</run_address>
         <size>0x173</size>
         <input_file_ref idref="fl-2"/>
      </object_component>
      <object_component id="oc-1f7">
         <name>.debug_info</name>
         <load_address>0x1024</load_address>
         <run_address>0x1024</run_address>
         <size>0x166</size>
         <input_file_ref idref="fl-2"/>
      </object_component>
      <object_component id="oc-191">
         <name>.debug_info</name>
         <load_address>0x118a</load_address>
         <run_address>0x118a</run_address>
         <size>0x2ea</size>
         <input_file_ref idref="fl-2"/>
      </object_component>
      <object_component id="oc-201">
         <name>.debug_info</name>
         <load_address>0x1474</load_address>
         <run_address>0x1474</run_address>
         <size>0x14f</size>
         <input_file_ref idref="fl-2"/>
      </object_component>
      <object_component id="oc-199">
         <name>.debug_info</name>
         <load_address>0x15c3</load_address>
         <run_address>0x15c3</run_address>
         <size>0x1bc</size>
         <input_file_ref idref="fl-2"/>
      </object_component>
      <object_component id="oc-1a4">
         <name>.debug_info</name>
         <load_address>0x177f</load_address>
         <run_address>0x177f</run_address>
         <size>0x36e</size>
         <input_file_ref idref="fl-2"/>
      </object_component>
      <object_component id="oc-154">
         <name>.debug_info</name>
         <load_address>0x1aed</load_address>
         <run_address>0x1aed</run_address>
         <size>0x471</size>
         <input_file_ref idref="fl-2"/>
      </object_component>
      <object_component id="oc-e3">
         <name>.debug_info</name>
         <load_address>0x1f5e</load_address>
         <run_address>0x1f5e</run_address>
         <size>0xe9</size>
         <input_file_ref idref="fl-2"/>
      </object_component>
      <object_component id="oc-ca">
         <name>.debug_info</name>
         <load_address>0x2047</load_address>
         <run_address>0x2047</run_address>
         <size>0x84</size>
         <input_file_ref idref="fl-2"/>
      </object_component>
      <object_component id="oc-263">
         <name>.debug_info</name>
         <load_address>0x20cb</load_address>
         <run_address>0x20cb</run_address>
         <size>0x120</size>
         <input_file_ref idref="fl-1d"/>
      </object_component>
      <object_component id="oc-19d">
         <name>.debug_info</name>
         <load_address>0x21eb</load_address>
         <run_address>0x21eb</run_address>
         <size>0x135</size>
         <input_file_ref idref="fl-1e"/>
      </object_component>
      <object_component id="oc-209">
         <name>.debug_info</name>
         <load_address>0x2320</load_address>
         <run_address>0x2320</run_address>
         <size>0x121</size>
         <input_file_ref idref="fl-1f"/>
      </object_component>
      <object_component id="oc-c0">
         <name>.debug_info</name>
         <load_address>0x2441</load_address>
         <run_address>0x2441</run_address>
         <size>0x12e</size>
         <input_file_ref idref="fl-20"/>
      </object_component>
      <object_component id="oc-de">
         <name>.debug_info</name>
         <load_address>0x256f</load_address>
         <run_address>0x256f</run_address>
         <size>0x10f</size>
         <input_file_ref idref="fl-2d"/>
      </object_component>
      <object_component id="oc-b8">
         <name>.debug_info</name>
         <load_address>0x267e</load_address>
         <run_address>0x267e</run_address>
         <size>0x120</size>
         <input_file_ref idref="fl-2e"/>
      </object_component>
      <object_component id="oc-210">
         <name>.debug_info</name>
         <load_address>0x279e</load_address>
         <run_address>0x279e</run_address>
         <size>0x121</size>
         <input_file_ref idref="fl-2f"/>
      </object_component>
      <object_component id="oc-b2">
         <name>.debug_info</name>
         <load_address>0x28bf</load_address>
         <run_address>0x28bf</run_address>
         <size>0x100</size>
         <input_file_ref idref="fl-30"/>
      </object_component>
      <object_component id="oc-fc">
         <name>.debug_info</name>
         <load_address>0x29bf</load_address>
         <run_address>0x29bf</run_address>
         <size>0x17a</size>
         <input_file_ref idref="fl-30"/>
      </object_component>
      <object_component id="oc-22c">
         <name>.debug_info</name>
         <load_address>0x2b39</load_address>
         <run_address>0x2b39</run_address>
         <size>0x3de</size>
         <input_file_ref idref="fl-31"/>
      </object_component>
      <object_component id="oc-1b5">
         <name>.debug_info</name>
         <load_address>0x2f17</load_address>
         <run_address>0x2f17</run_address>
         <size>0x1e0</size>
         <input_file_ref idref="fl-31"/>
      </object_component>
      <object_component id="oc-282">
         <name>.debug_info</name>
         <load_address>0x30f7</load_address>
         <run_address>0x30f7</run_address>
         <size>0x39</size>
         <input_file_ref idref="fl-31"/>
      </object_component>
      <object_component id="oc-28e">
         <name>.debug_info</name>
         <load_address>0x3130</load_address>
         <run_address>0x3130</run_address>
         <size>0x2c</size>
         <input_file_ref idref="fl-31"/>
      </object_component>
      <object_component id="oc-237">
         <name>.debug_info</name>
         <load_address>0x315c</load_address>
         <run_address>0x315c</run_address>
         <size>0x2c</size>
         <input_file_ref idref="fl-31"/>
      </object_component>
      <object_component id="oc-287">
         <name>.debug_info</name>
         <load_address>0x3188</load_address>
         <run_address>0x3188</run_address>
         <size>0xcd</size>
         <input_file_ref idref="fl-31"/>
      </object_component>
      <object_component id="oc-14a">
         <name>.debug_info</name>
         <load_address>0x3255</load_address>
         <run_address>0x3255</run_address>
         <size>0x175</size>
         <input_file_ref idref="fl-32"/>
      </object_component>
      <object_component id="oc-e9">
         <name>.debug_info</name>
         <load_address>0x33ca</load_address>
         <run_address>0x33ca</run_address>
         <size>0x1d2</size>
         <input_file_ref idref="fl-32"/>
      </object_component>
      <object_component id="oc-145">
         <name>.debug_info</name>
         <load_address>0x359c</load_address>
         <run_address>0x359c</run_address>
         <size>0x46</size>
         <input_file_ref idref="fl-32"/>
      </object_component>
      <object_component id="oc-130">
         <name>.debug_info</name>
         <load_address>0x35e2</load_address>
         <run_address>0x35e2</run_address>
         <size>0x2c</size>
         <input_file_ref idref="fl-32"/>
      </object_component>
      <object_component id="oc-14e">
         <name>.debug_info</name>
         <load_address>0x360e</load_address>
         <run_address>0x360e</run_address>
         <size>0x153</size>
         <input_file_ref idref="fl-35"/>
      </object_component>
      <object_component id="oc-227">
         <name>.debug_info</name>
         <load_address>0x3761</load_address>
         <run_address>0x3761</run_address>
         <size>0x150</size>
         <input_file_ref idref="fl-36"/>
      </object_component>
      <object_component id="oc-db">
         <name>.debug_info</name>
         <load_address>0x38b1</load_address>
         <run_address>0x38b1</run_address>
         <size>0x180</size>
         <input_file_ref idref="fl-37"/>
      </object_component>
      <object_component id="oc-3c">
         <name>.debug_info</name>
         <load_address>0x3a31</load_address>
         <run_address>0x3a31</run_address>
         <size>0x1ea</size>
         <input_file_ref idref="fl-37"/>
      </object_component>
      <object_component id="oc-d6">
         <name>.debug_info</name>
         <load_address>0x3c1b</load_address>
         <run_address>0x3c1b</run_address>
         <size>0x46</size>
         <input_file_ref idref="fl-37"/>
      </object_component>
      <object_component id="oc-135">
         <name>.debug_info</name>
         <load_address>0x3c61</load_address>
         <run_address>0x3c61</run_address>
         <size>0x2c</size>
         <input_file_ref idref="fl-37"/>
      </object_component>
      <object_component id="oc-12d">
         <name>.debug_info</name>
         <load_address>0x3c8d</load_address>
         <run_address>0x3c8d</run_address>
         <size>0x176</size>
         <input_file_ref idref="fl-38"/>
      </object_component>
      <object_component id="oc-36">
         <name>.debug_info</name>
         <load_address>0x3e03</load_address>
         <run_address>0x3e03</run_address>
         <size>0x292</size>
         <input_file_ref idref="fl-38"/>
      </object_component>
      <object_component id="oc-c5">
         <name>.debug_info</name>
         <load_address>0x4095</load_address>
         <run_address>0x4095</run_address>
         <size>0x60</size>
         <input_file_ref idref="fl-38"/>
      </object_component>
      <object_component id="oc-16e">
         <name>.debug_info</name>
         <load_address>0x40f5</load_address>
         <run_address>0x40f5</run_address>
         <size>0x46</size>
         <input_file_ref idref="fl-38"/>
      </object_component>
      <object_component id="oc-128">
         <name>.debug_info</name>
         <load_address>0x413b</load_address>
         <run_address>0x413b</run_address>
         <size>0x39</size>
         <input_file_ref idref="fl-38"/>
      </object_component>
      <object_component id="oc-1a9">
         <name>.debug_info</name>
         <load_address>0x4174</load_address>
         <run_address>0x4174</run_address>
         <size>0x122</size>
         <input_file_ref idref="fl-39"/>
      </object_component>
      <object_component id="oc-12f">
         <name>.debug_info</name>
         <load_address>0x4296</load_address>
         <run_address>0x4296</run_address>
         <size>0x181</size>
         <input_file_ref idref="fl-3c"/>
      </object_component>
      <object_component id="oc-d0">
         <name>.debug_info</name>
         <load_address>0x4417</load_address>
         <run_address>0x4417</run_address>
         <size>0x17a</size>
         <input_file_ref idref="fl-3c"/>
      </object_component>
      <object_component id="oc-bc">
         <name>.debug_info</name>
         <load_address>0x4591</load_address>
         <run_address>0x4591</run_address>
         <size>0x120</size>
         <input_file_ref idref="fl-3d"/>
      </object_component>
      <object_component id="oc-2e8">
         <name>.debug_info</name>
         <load_address>0x46b1</load_address>
         <run_address>0x46b1</run_address>
         <size>0x8e</size>
      </object_component>
      <object_component id="oc-178">
         <name>.debug_line</name>
         <load_address>0x0</load_address>
         <run_address>0x0</run_address>
         <size>0x68</size>
         <input_file_ref idref="fl-2"/>
      </object_component>
      <object_component id="oc-267">
         <name>.debug_line</name>
         <load_address>0x68</load_address>
         <run_address>0x68</run_address>
         <size>0x31</size>
         <input_file_ref idref="fl-2"/>
      </object_component>
      <object_component id="oc-17a">
         <name>.debug_line</name>
         <load_address>0x99</load_address>
         <run_address>0x99</run_address>
         <size>0x2d</size>
         <input_file_ref idref="fl-2"/>
      </object_component>
      <object_component id="oc-183">
         <name>.debug_line</name>
         <load_address>0xc6</load_address>
         <run_address>0xc6</run_address>
         <size>0x45</size>
         <input_file_ref idref="fl-2"/>
      </object_component>
      <object_component id="oc-189">
         <name>.debug_line</name>
         <load_address>0x10b</load_address>
         <run_address>0x10b</run_address>
         <size>0x46</size>
         <input_file_ref idref="fl-2"/>
      </object_component>
      <object_component id="oc-18f">
         <name>.debug_line</name>
         <load_address>0x151</load_address>
         <run_address>0x151</run_address>
         <size>0x45</size>
         <input_file_ref idref="fl-2"/>
      </object_component>
      <object_component id="oc-24b">
         <name>.debug_line</name>
         <load_address>0x196</load_address>
         <run_address>0x196</run_address>
         <size>0x43</size>
         <input_file_ref idref="fl-2"/>
      </object_component>
      <object_component id="oc-251">
         <name>.debug_line</name>
         <load_address>0x1d9</load_address>
         <run_address>0x1d9</run_address>
         <size>0x55</size>
         <input_file_ref idref="fl-2"/>
      </object_component>
      <object_component id="oc-257">
         <name>.debug_line</name>
         <load_address>0x22e</load_address>
         <run_address>0x22e</run_address>
         <size>0x43</size>
         <input_file_ref idref="fl-2"/>
      </object_component>
      <object_component id="oc-1ee">
         <name>.debug_line</name>
         <load_address>0x271</load_address>
         <run_address>0x271</run_address>
         <size>0x47</size>
         <input_file_ref idref="fl-2"/>
      </object_component>
      <object_component id="oc-25e">
         <name>.debug_line</name>
         <load_address>0x2b8</load_address>
         <run_address>0x2b8</run_address>
         <size>0x47</size>
         <input_file_ref idref="fl-2"/>
      </object_component>
      <object_component id="oc-1f5">
         <name>.debug_line</name>
         <load_address>0x2ff</load_address>
         <run_address>0x2ff</run_address>
         <size>0x54</size>
         <input_file_ref idref="fl-2"/>
      </object_component>
      <object_component id="oc-1fb">
         <name>.debug_line</name>
         <load_address>0x353</load_address>
         <run_address>0x353</run_address>
         <size>0x45</size>
         <input_file_ref idref="fl-2"/>
      </object_component>
      <object_component id="oc-195">
         <name>.debug_line</name>
         <load_address>0x398</load_address>
         <run_address>0x398</run_address>
         <size>0x62</size>
         <input_file_ref idref="fl-2"/>
      </object_component>
      <object_component id="oc-204">
         <name>.debug_line</name>
         <load_address>0x3fa</load_address>
         <run_address>0x3fa</run_address>
         <size>0x47</size>
         <input_file_ref idref="fl-2"/>
      </object_component>
      <object_component id="oc-197">
         <name>.debug_line</name>
         <load_address>0x441</load_address>
         <run_address>0x441</run_address>
         <size>0x62</size>
         <input_file_ref idref="fl-2"/>
      </object_component>
      <object_component id="oc-1a2">
         <name>.debug_line</name>
         <load_address>0x4a3</load_address>
         <run_address>0x4a3</run_address>
         <size>0x10c</size>
         <input_file_ref idref="fl-2"/>
      </object_component>
      <object_component id="oc-153">
         <name>.debug_line</name>
         <load_address>0x5af</load_address>
         <run_address>0x5af</run_address>
         <size>0x105</size>
         <input_file_ref idref="fl-2"/>
      </object_component>
      <object_component id="oc-e6">
         <name>.debug_line</name>
         <load_address>0x6b4</load_address>
         <run_address>0x6b4</run_address>
         <size>0x49</size>
         <input_file_ref idref="fl-2"/>
      </object_component>
      <object_component id="oc-cd">
         <name>.debug_line</name>
         <load_address>0x6fd</load_address>
         <run_address>0x6fd</run_address>
         <size>0x20</size>
         <input_file_ref idref="fl-2"/>
      </object_component>
      <object_component id="oc-261">
         <name>.debug_line</name>
         <load_address>0x71d</load_address>
         <run_address>0x71d</run_address>
         <size>0x4e</size>
         <input_file_ref idref="fl-1d"/>
      </object_component>
      <object_component id="oc-1a0">
         <name>.debug_line</name>
         <load_address>0x76b</load_address>
         <run_address>0x76b</run_address>
         <size>0x4d</size>
         <input_file_ref idref="fl-1e"/>
      </object_component>
      <object_component id="oc-208">
         <name>.debug_line</name>
         <load_address>0x7b8</load_address>
         <run_address>0x7b8</run_address>
         <size>0x43</size>
         <input_file_ref idref="fl-1f"/>
      </object_component>
      <object_component id="oc-c3">
         <name>.debug_line</name>
         <load_address>0x7fb</load_address>
         <run_address>0x7fb</run_address>
         <size>0x40</size>
         <input_file_ref idref="fl-20"/>
      </object_component>
      <object_component id="oc-e0">
         <name>.debug_line</name>
         <load_address>0x83b</load_address>
         <run_address>0x83b</run_address>
         <size>0x3d</size>
         <input_file_ref idref="fl-2d"/>
      </object_component>
      <object_component id="oc-b7">
         <name>.debug_line</name>
         <load_address>0x878</load_address>
         <run_address>0x878</run_address>
         <size>0x4e</size>
         <input_file_ref idref="fl-2e"/>
      </object_component>
      <object_component id="oc-20e">
         <name>.debug_line</name>
         <load_address>0x8c6</load_address>
         <run_address>0x8c6</run_address>
         <size>0x42</size>
         <input_file_ref idref="fl-2f"/>
      </object_component>
      <object_component id="oc-124">
         <name>.debug_line</name>
         <load_address>0x908</load_address>
         <run_address>0x908</run_address>
         <size>0x2a</size>
         <input_file_ref idref="fl-30"/>
      </object_component>
      <object_component id="oc-fa">
         <name>.debug_line</name>
         <load_address>0x932</load_address>
         <run_address>0x932</run_address>
         <size>0x46</size>
         <input_file_ref idref="fl-30"/>
      </object_component>
      <object_component id="oc-281">
         <name>.debug_line</name>
         <load_address>0x978</load_address>
         <run_address>0x978</run_address>
         <size>0xbf</size>
         <input_file_ref idref="fl-31"/>
      </object_component>
      <object_component id="oc-1b8">
         <name>.debug_line</name>
         <load_address>0xa37</load_address>
         <run_address>0xa37</run_address>
         <size>0x73</size>
         <input_file_ref idref="fl-31"/>
      </object_component>
      <object_component id="oc-285">
         <name>.debug_line</name>
         <load_address>0xaaa</load_address>
         <run_address>0xaaa</run_address>
         <size>0x2e</size>
         <input_file_ref idref="fl-31"/>
      </object_component>
      <object_component id="oc-291">
         <name>.debug_line</name>
         <load_address>0xad8</load_address>
         <run_address>0xad8</run_address>
         <size>0x9a</size>
         <input_file_ref idref="fl-31"/>
      </object_component>
      <object_component id="oc-23a">
         <name>.debug_line</name>
         <load_address>0xb72</load_address>
         <run_address>0xb72</run_address>
         <size>0x97</size>
         <input_file_ref idref="fl-31"/>
      </object_component>
      <object_component id="oc-28a">
         <name>.debug_line</name>
         <load_address>0xc09</load_address>
         <run_address>0xc09</run_address>
         <size>0x93</size>
         <input_file_ref idref="fl-31"/>
      </object_component>
      <object_component id="oc-17c">
         <name>.debug_line</name>
         <load_address>0xc9c</load_address>
         <run_address>0xc9c</run_address>
         <size>0x20</size>
         <input_file_ref idref="fl-32"/>
      </object_component>
      <object_component id="oc-eb">
         <name>.debug_line</name>
         <load_address>0xcbc</load_address>
         <run_address>0xcbc</run_address>
         <size>0x4f</size>
         <input_file_ref idref="fl-32"/>
      </object_component>
      <object_component id="oc-148">
         <name>.debug_line</name>
         <load_address>0xd0b</load_address>
         <run_address>0xd0b</run_address>
         <size>0x34</size>
         <input_file_ref idref="fl-32"/>
      </object_component>
      <object_component id="oc-133">
         <name>.debug_line</name>
         <load_address>0xd3f</load_address>
         <run_address>0xd3f</run_address>
         <size>0x92</size>
         <input_file_ref idref="fl-32"/>
      </object_component>
      <object_component id="oc-151">
         <name>.debug_line</name>
         <load_address>0xdd1</load_address>
         <run_address>0xdd1</run_address>
         <size>0x3e</size>
         <input_file_ref idref="fl-35"/>
      </object_component>
      <object_component id="oc-229">
         <name>.debug_line</name>
         <load_address>0xe0f</load_address>
         <run_address>0xe0f</run_address>
         <size>0x3a</size>
         <input_file_ref idref="fl-36"/>
      </object_component>
      <object_component id="oc-13b">
         <name>.debug_line</name>
         <load_address>0xe49</load_address>
         <run_address>0xe49</run_address>
         <size>0x20</size>
         <input_file_ref idref="fl-37"/>
      </object_component>
      <object_component id="oc-3f">
         <name>.debug_line</name>
         <load_address>0xe69</load_address>
         <run_address>0xe69</run_address>
         <size>0x50</size>
         <input_file_ref idref="fl-37"/>
      </object_component>
      <object_component id="oc-d9">
         <name>.debug_line</name>
         <load_address>0xeb9</load_address>
         <run_address>0xeb9</run_address>
         <size>0x3a</size>
         <input_file_ref idref="fl-37"/>
      </object_component>
      <object_component id="oc-138">
         <name>.debug_line</name>
         <load_address>0xef3</load_address>
         <run_address>0xef3</run_address>
         <size>0x92</size>
         <input_file_ref idref="fl-37"/>
      </object_component>
      <object_component id="oc-174">
         <name>.debug_line</name>
         <load_address>0xf85</load_address>
         <run_address>0xf85</run_address>
         <size>0x20</size>
         <input_file_ref idref="fl-38"/>
      </object_component>
      <object_component id="oc-38">
         <name>.debug_line</name>
         <load_address>0xfa5</load_address>
         <run_address>0xfa5</run_address>
         <size>0x92</size>
         <input_file_ref idref="fl-38"/>
      </object_component>
      <object_component id="oc-c8">
         <name>.debug_line</name>
         <load_address>0x1037</load_address>
         <run_address>0x1037</run_address>
         <size>0x3a</size>
         <input_file_ref idref="fl-38"/>
      </object_component>
      <object_component id="oc-171">
         <name>.debug_line</name>
         <load_address>0x1071</load_address>
         <run_address>0x1071</run_address>
         <size>0x9a</size>
         <input_file_ref idref="fl-38"/>
      </object_component>
      <object_component id="oc-12b">
         <name>.debug_line</name>
         <load_address>0x110b</load_address>
         <run_address>0x110b</run_address>
         <size>0x96</size>
         <input_file_ref idref="fl-38"/>
      </object_component>
      <object_component id="oc-1ac">
         <name>.debug_line</name>
         <load_address>0x11a1</load_address>
         <run_address>0x11a1</run_address>
         <size>0x3d</size>
         <input_file_ref idref="fl-39"/>
      </object_component>
      <object_component id="oc-176">
         <name>.debug_line</name>
         <load_address>0x11de</load_address>
         <run_address>0x11de</run_address>
         <size>0x20</size>
         <input_file_ref idref="fl-3c"/>
      </object_component>
      <object_component id="oc-d4">
         <name>.debug_line</name>
         <load_address>0x11fe</load_address>
         <run_address>0x11fe</run_address>
         <size>0x42</size>
         <input_file_ref idref="fl-3c"/>
      </object_component>
      <object_component id="oc-be">
         <name>.debug_line</name>
         <load_address>0x1240</load_address>
         <run_address>0x1240</run_address>
         <size>0x5e</size>
         <input_file_ref idref="fl-3d"/>
      </object_component>
      <object_component id="oc-182">
         <name>.debug_frame</name>
         <load_address>0x0</load_address>
         <run_address>0x0</run_address>
         <size>0x3c</size>
         <input_file_ref idref="fl-2"/>
      </object_component>
      <object_component id="oc-188">
         <name>.debug_frame</name>
         <load_address>0x3c</load_address>
         <run_address>0x3c</run_address>
         <size>0x3c</size>
         <input_file_ref idref="fl-2"/>
      </object_component>
      <object_component id="oc-18e">
         <name>.debug_frame</name>
         <load_address>0x78</load_address>
         <run_address>0x78</run_address>
         <size>0x3c</size>
         <input_file_ref idref="fl-2"/>
      </object_component>
      <object_component id="oc-24a">
         <name>.debug_frame</name>
         <load_address>0xb4</load_address>
         <run_address>0xb4</run_address>
         <size>0x3c</size>
         <input_file_ref idref="fl-2"/>
      </object_component>
      <object_component id="oc-250">
         <name>.debug_frame</name>
         <load_address>0xf0</load_address>
         <run_address>0xf0</run_address>
         <size>0x3c</size>
         <input_file_ref idref="fl-2"/>
      </object_component>
      <object_component id="oc-256">
         <name>.debug_frame</name>
         <load_address>0x12c</load_address>
         <run_address>0x12c</run_address>
         <size>0x3c</size>
         <input_file_ref idref="fl-2"/>
      </object_component>
      <object_component id="oc-1ef">
         <name>.debug_frame</name>
         <load_address>0x168</load_address>
         <run_address>0x168</run_address>
         <size>0x3c</size>
         <input_file_ref idref="fl-2"/>
      </object_component>
      <object_component id="oc-25d">
         <name>.debug_frame</name>
         <load_address>0x1a4</load_address>
         <run_address>0x1a4</run_address>
         <size>0x3c</size>
         <input_file_ref idref="fl-2"/>
      </object_component>
      <object_component id="oc-1f4">
         <name>.debug_frame</name>
         <load_address>0x1e0</load_address>
         <run_address>0x1e0</run_address>
         <size>0x44</size>
         <input_file_ref idref="fl-2"/>
      </object_component>
      <object_component id="oc-1fa">
         <name>.debug_frame</name>
         <load_address>0x224</load_address>
         <run_address>0x224</run_address>
         <size>0x3c</size>
         <input_file_ref idref="fl-2"/>
      </object_component>
      <object_component id="oc-194">
         <name>.debug_frame</name>
         <load_address>0x260</load_address>
         <run_address>0x260</run_address>
         <size>0x40</size>
         <input_file_ref idref="fl-2"/>
      </object_component>
      <object_component id="oc-205">
         <name>.debug_frame</name>
         <load_address>0x2a0</load_address>
         <run_address>0x2a0</run_address>
         <size>0x3c</size>
         <input_file_ref idref="fl-2"/>
      </object_component>
      <object_component id="oc-198">
         <name>.debug_frame</name>
         <load_address>0x2dc</load_address>
         <run_address>0x2dc</run_address>
         <size>0x48</size>
         <input_file_ref idref="fl-2"/>
      </object_component>
      <object_component id="oc-1a3">
         <name>.debug_frame</name>
         <load_address>0x324</load_address>
         <run_address>0x324</run_address>
         <size>0x40</size>
         <input_file_ref idref="fl-2"/>
      </object_component>
      <object_component id="oc-157">
         <name>.debug_frame</name>
         <load_address>0x364</load_address>
         <run_address>0x364</run_address>
         <size>0x40</size>
         <input_file_ref idref="fl-2"/>
      </object_component>
      <object_component id="oc-e2">
         <name>.debug_frame</name>
         <load_address>0x3a4</load_address>
         <run_address>0x3a4</run_address>
         <size>0x3c</size>
         <input_file_ref idref="fl-2"/>
      </object_component>
      <object_component id="oc-fb">
         <name>.debug_frame</name>
         <load_address>0x3e0</load_address>
         <run_address>0x3e0</run_address>
         <size>0x34</size>
         <input_file_ref idref="fl-30"/>
      </object_component>
      <object_component id="oc-1b9">
         <name>.debug_frame</name>
         <load_address>0x414</load_address>
         <run_address>0x414</run_address>
         <size>0x44</size>
         <input_file_ref idref="fl-31"/>
      </object_component>
      <object_component id="oc-ec">
         <name>.debug_frame</name>
         <load_address>0x458</load_address>
         <run_address>0x458</run_address>
         <size>0x3c</size>
         <input_file_ref idref="fl-32"/>
      </object_component>
      <object_component id="oc-150">
         <name>.debug_frame</name>
         <load_address>0x494</load_address>
         <run_address>0x494</run_address>
         <size>0x3c</size>
         <input_file_ref idref="fl-35"/>
      </object_component>
      <object_component id="oc-22a">
         <name>.debug_frame</name>
         <load_address>0x4d0</load_address>
         <run_address>0x4d0</run_address>
         <size>0x3c</size>
         <input_file_ref idref="fl-36"/>
      </object_component>
      <object_component id="oc-3b">
         <name>.debug_frame</name>
         <load_address>0x50c</load_address>
         <run_address>0x50c</run_address>
         <size>0x3c</size>
         <input_file_ref idref="fl-37"/>
      </object_component>
      <object_component id="oc-39">
         <name>.debug_frame</name>
         <load_address>0x548</load_address>
         <run_address>0x548</run_address>
         <size>0x48</size>
         <input_file_ref idref="fl-38"/>
      </object_component>
      <object_component id="oc-1ad">
         <name>.debug_frame</name>
         <load_address>0x590</load_address>
         <run_address>0x590</run_address>
         <size>0x3c</size>
         <input_file_ref idref="fl-39"/>
      </object_component>
      <object_component id="oc-d3">
         <name>.debug_frame</name>
         <load_address>0x5cc</load_address>
         <run_address>0x5cc</run_address>
         <size>0x3c</size>
         <input_file_ref idref="fl-3c"/>
      </object_component>
      <object_component id="oc-177">
         <name>.debug_abbrev</name>
         <load_address>0x0</load_address>
         <run_address>0x0</run_address>
         <size>0xba</size>
         <input_file_ref idref="fl-2"/>
      </object_component>
      <object_component id="oc-266">
         <name>.debug_abbrev</name>
         <load_address>0xba</load_address>
         <run_address>0xba</run_address>
         <size>0x29</size>
         <input_file_ref idref="fl-2"/>
      </object_component>
      <object_component id="oc-179">
         <name>.debug_abbrev</name>
         <load_address>0xe3</load_address>
         <run_address>0xe3</run_address>
         <size>0x29</size>
         <input_file_ref idref="fl-2"/>
      </object_component>
      <object_component id="oc-1e7">
         <name>.debug_abbrev</name>
         <load_address>0x10c</load_address>
         <run_address>0x10c</run_address>
         <size>0x50</size>
         <input_file_ref idref="fl-2"/>
      </object_component>
      <object_component id="oc-1e8">
         <name>.debug_abbrev</name>
         <load_address>0x15c</load_address>
         <run_address>0x15c</run_address>
         <size>0x50</size>
         <input_file_ref idref="fl-2"/>
      </object_component>
      <object_component id="oc-1e9">
         <name>.debug_abbrev</name>
         <load_address>0x1ac</load_address>
         <run_address>0x1ac</run_address>
         <size>0x50</size>
         <input_file_ref idref="fl-2"/>
      </object_component>
      <object_component id="oc-293">
         <name>.debug_abbrev</name>
         <load_address>0x1fc</load_address>
         <run_address>0x1fc</run_address>
         <size>0x50</size>
         <input_file_ref idref="fl-2"/>
      </object_component>
      <object_component id="oc-294">
         <name>.debug_abbrev</name>
         <load_address>0x24c</load_address>
         <run_address>0x24c</run_address>
         <size>0x6c</size>
         <input_file_ref idref="fl-2"/>
      </object_component>
      <object_component id="oc-295">
         <name>.debug_abbrev</name>
         <load_address>0x2b8</load_address>
         <run_address>0x2b8</run_address>
         <size>0x50</size>
         <input_file_ref idref="fl-2"/>
      </object_component>
      <object_component id="oc-258">
         <name>.debug_abbrev</name>
         <load_address>0x308</load_address>
         <run_address>0x308</run_address>
         <size>0x7a</size>
         <input_file_ref idref="fl-2"/>
      </object_component>
      <object_component id="oc-296">
         <name>.debug_abbrev</name>
         <load_address>0x382</load_address>
         <run_address>0x382</run_address>
         <size>0x7a</size>
         <input_file_ref idref="fl-2"/>
      </object_component>
      <object_component id="oc-25f">
         <name>.debug_abbrev</name>
         <load_address>0x3fc</load_address>
         <run_address>0x3fc</run_address>
         <size>0x7a</size>
         <input_file_ref idref="fl-2"/>
      </object_component>
      <object_component id="oc-265">
         <name>.debug_abbrev</name>
         <load_address>0x476</load_address>
         <run_address>0x476</run_address>
         <size>0x7a</size>
         <input_file_ref idref="fl-2"/>
      </object_component>
      <object_component id="oc-1fc">
         <name>.debug_abbrev</name>
         <load_address>0x4f0</load_address>
         <run_address>0x4f0</run_address>
         <size>0x5e</size>
         <input_file_ref idref="fl-2"/>
      </object_component>
      <object_component id="oc-268">
         <name>.debug_abbrev</name>
         <load_address>0x54e</load_address>
         <run_address>0x54e</run_address>
         <size>0x7a</size>
         <input_file_ref idref="fl-2"/>
      </object_component>
      <object_component id="oc-206">
         <name>.debug_abbrev</name>
         <load_address>0x5c8</load_address>
         <run_address>0x5c8</run_address>
         <size>0x7a</size>
         <input_file_ref idref="fl-2"/>
      </object_component>
      <object_component id="oc-212">
         <name>.debug_abbrev</name>
         <load_address>0x642</load_address>
         <run_address>0x642</run_address>
         <size>0x52</size>
         <input_file_ref idref="fl-2"/>
      </object_component>
      <object_component id="oc-1a7">
         <name>.debug_abbrev</name>
         <load_address>0x694</load_address>
         <run_address>0x694</run_address>
         <size>0x52</size>
         <input_file_ref idref="fl-2"/>
      </object_component>
      <object_component id="oc-143">
         <name>.debug_abbrev</name>
         <load_address>0x6e6</load_address>
         <run_address>0x6e6</run_address>
         <size>0x53</size>
         <input_file_ref idref="fl-2"/>
      </object_component>
      <object_component id="oc-cc">
         <name>.debug_abbrev</name>
         <load_address>0x739</load_address>
         <run_address>0x739</run_address>
         <size>0x1f</size>
         <input_file_ref idref="fl-2"/>
      </object_component>
      <object_component id="oc-297">
         <name>.debug_abbrev</name>
         <load_address>0x758</load_address>
         <run_address>0x758</run_address>
         <size>0x3c</size>
         <input_file_ref idref="fl-1d"/>
      </object_component>
      <object_component id="oc-20c">
         <name>.debug_abbrev</name>
         <load_address>0x794</load_address>
         <run_address>0x794</run_address>
         <size>0x4a</size>
         <input_file_ref idref="fl-1e"/>
      </object_component>
      <object_component id="oc-269">
         <name>.debug_abbrev</name>
         <load_address>0x7de</load_address>
         <run_address>0x7de</run_address>
         <size>0x3c</size>
         <input_file_ref idref="fl-1f"/>
      </object_component>
      <object_component id="oc-127">
         <name>.debug_abbrev</name>
         <load_address>0x81a</load_address>
         <run_address>0x81a</run_address>
         <size>0x3a</size>
         <input_file_ref idref="fl-20"/>
      </object_component>
      <object_component id="oc-13c">
         <name>.debug_abbrev</name>
         <load_address>0x854</load_address>
         <run_address>0x854</run_address>
         <size>0x28</size>
         <input_file_ref idref="fl-2d"/>
      </object_component>
      <object_component id="oc-125">
         <name>.debug_abbrev</name>
         <load_address>0x87c</load_address>
         <run_address>0x87c</run_address>
         <size>0x3c</size>
         <input_file_ref idref="fl-2e"/>
      </object_component>
      <object_component id="oc-26a">
         <name>.debug_abbrev</name>
         <load_address>0x8b8</load_address>
         <run_address>0x8b8</run_address>
         <size>0x3c</size>
         <input_file_ref idref="fl-2f"/>
      </object_component>
      <object_component id="oc-123">
         <name>.debug_abbrev</name>
         <load_address>0x8f4</load_address>
         <run_address>0x8f4</run_address>
         <size>0x29</size>
         <input_file_ref idref="fl-30"/>
      </object_component>
      <object_component id="oc-15b">
         <name>.debug_abbrev</name>
         <load_address>0x91d</load_address>
         <run_address>0x91d</run_address>
         <size>0x58</size>
         <input_file_ref idref="fl-30"/>
      </object_component>
      <object_component id="oc-280">
         <name>.debug_abbrev</name>
         <load_address>0x975</load_address>
         <run_address>0x975</run_address>
         <size>0xc0</size>
         <input_file_ref idref="fl-31"/>
      </object_component>
      <object_component id="oc-22b">
         <name>.debug_abbrev</name>
         <load_address>0xa35</load_address>
         <run_address>0xa35</run_address>
         <size>0x7e</size>
         <input_file_ref idref="fl-31"/>
      </object_component>
      <object_component id="oc-284">
         <name>.debug_abbrev</name>
         <load_address>0xab3</load_address>
         <run_address>0xab3</run_address>
         <size>0x24</size>
         <input_file_ref idref="fl-31"/>
      </object_component>
      <object_component id="oc-290">
         <name>.debug_abbrev</name>
         <load_address>0xad7</load_address>
         <run_address>0xad7</run_address>
         <size>0x24</size>
         <input_file_ref idref="fl-31"/>
      </object_component>
      <object_component id="oc-239">
         <name>.debug_abbrev</name>
         <load_address>0xafb</load_address>
         <run_address>0xafb</run_address>
         <size>0x24</size>
         <input_file_ref idref="fl-31"/>
      </object_component>
      <object_component id="oc-289">
         <name>.debug_abbrev</name>
         <load_address>0xb1f</load_address>
         <run_address>0xb1f</run_address>
         <size>0x4b</size>
         <input_file_ref idref="fl-31"/>
      </object_component>
      <object_component id="oc-17b">
         <name>.debug_abbrev</name>
         <load_address>0xb6a</load_address>
         <run_address>0xb6a</run_address>
         <size>0x37</size>
         <input_file_ref idref="fl-32"/>
      </object_component>
      <object_component id="oc-144">
         <name>.debug_abbrev</name>
         <load_address>0xba1</load_address>
         <run_address>0xba1</run_address>
         <size>0x6f</size>
         <input_file_ref idref="fl-32"/>
      </object_component>
      <object_component id="oc-147">
         <name>.debug_abbrev</name>
         <load_address>0xc10</load_address>
         <run_address>0xc10</run_address>
         <size>0x24</size>
         <input_file_ref idref="fl-32"/>
      </object_component>
      <object_component id="oc-132">
         <name>.debug_abbrev</name>
         <load_address>0xc34</load_address>
         <run_address>0xc34</run_address>
         <size>0x24</size>
         <input_file_ref idref="fl-32"/>
      </object_component>
      <object_component id="oc-17d">
         <name>.debug_abbrev</name>
         <load_address>0xc58</load_address>
         <run_address>0xc58</run_address>
         <size>0x55</size>
         <input_file_ref idref="fl-35"/>
      </object_component>
      <object_component id="oc-27f">
         <name>.debug_abbrev</name>
         <load_address>0xcad</load_address>
         <run_address>0xcad</run_address>
         <size>0x53</size>
         <input_file_ref idref="fl-36"/>
      </object_component>
      <object_component id="oc-13a">
         <name>.debug_abbrev</name>
         <load_address>0xd00</load_address>
         <run_address>0xd00</run_address>
         <size>0x37</size>
         <input_file_ref idref="fl-37"/>
      </object_component>
      <object_component id="oc-d5">
         <name>.debug_abbrev</name>
         <load_address>0xd37</load_address>
         <run_address>0xd37</run_address>
         <size>0x74</size>
         <input_file_ref idref="fl-37"/>
      </object_component>
      <object_component id="oc-d8">
         <name>.debug_abbrev</name>
         <load_address>0xdab</load_address>
         <run_address>0xdab</run_address>
         <size>0x24</size>
         <input_file_ref idref="fl-37"/>
      </object_component>
      <object_component id="oc-137">
         <name>.debug_abbrev</name>
         <load_address>0xdcf</load_address>
         <run_address>0xdcf</run_address>
         <size>0x24</size>
         <input_file_ref idref="fl-37"/>
      </object_component>
      <object_component id="oc-173">
         <name>.debug_abbrev</name>
         <load_address>0xdf3</load_address>
         <run_address>0xdf3</run_address>
         <size>0x37</size>
         <input_file_ref idref="fl-38"/>
      </object_component>
      <object_component id="oc-c4">
         <name>.debug_abbrev</name>
         <load_address>0xe2a</load_address>
         <run_address>0xe2a</run_address>
         <size>0x7d</size>
         <input_file_ref idref="fl-38"/>
      </object_component>
      <object_component id="oc-c7">
         <name>.debug_abbrev</name>
         <load_address>0xea7</load_address>
         <run_address>0xea7</run_address>
         <size>0x24</size>
         <input_file_ref idref="fl-38"/>
      </object_component>
      <object_component id="oc-170">
         <name>.debug_abbrev</name>
         <load_address>0xecb</load_address>
         <run_address>0xecb</run_address>
         <size>0x35</size>
         <input_file_ref idref="fl-38"/>
      </object_component>
      <object_component id="oc-12a">
         <name>.debug_abbrev</name>
         <load_address>0xf00</load_address>
         <run_address>0xf00</run_address>
         <size>0x24</size>
         <input_file_ref idref="fl-38"/>
      </object_component>
      <object_component id="oc-213">
         <name>.debug_abbrev</name>
         <load_address>0xf24</load_address>
         <run_address>0xf24</run_address>
         <size>0x45</size>
         <input_file_ref idref="fl-39"/>
      </object_component>
      <object_component id="oc-175">
         <name>.debug_abbrev</name>
         <load_address>0xf69</load_address>
         <run_address>0xf69</run_address>
         <size>0x45</size>
         <input_file_ref idref="fl-3c"/>
      </object_component>
      <object_component id="oc-12e">
         <name>.debug_abbrev</name>
         <load_address>0xfae</load_address>
         <run_address>0xfae</run_address>
         <size>0x71</size>
         <input_file_ref idref="fl-3c"/>
      </object_component>
      <object_component id="oc-126">
         <name>.debug_abbrev</name>
         <load_address>0x101f</load_address>
         <run_address>0x101f</run_address>
         <size>0x3c</size>
         <input_file_ref idref="fl-3d"/>
      </object_component>
      <object_component id="oc-2e9">
         <name>.debug_abbrev</name>
         <load_address>0x105b</load_address>
         <run_address>0x105b</run_address>
         <size>0xf</size>
      </object_component>
      <object_component id="oc-ce">
         <name>.debug_str</name>
         <load_address>0x0</load_address>
         <run_address>0x0</run_address>
         <size>0xfd</size>
         <input_file_ref idref="fl-2"/>
      </object_component>
      <object_component id="oc-286">
         <name>.debug_str</name>
         <load_address>0xfd</load_address>
         <run_address>0xfd</run_address>
         <size>0xed</size>
         <input_file_ref idref="fl-31"/>
      </object_component>
      <object_component id="oc-292">
         <name>.debug_str</name>
         <load_address>0x1ea</load_address>
         <run_address>0x1ea</run_address>
         <size>0x14c</size>
         <input_file_ref idref="fl-31"/>
      </object_component>
      <object_component id="oc-23b">
         <name>.debug_str</name>
         <load_address>0x336</load_address>
         <run_address>0x336</run_address>
         <size>0x147</size>
         <input_file_ref idref="fl-31"/>
      </object_component>
      <object_component id="oc-28b">
         <name>.debug_str</name>
         <load_address>0x47d</load_address>
         <run_address>0x47d</run_address>
         <size>0x197</size>
         <input_file_ref idref="fl-31"/>
      </object_component>
      <object_component id="oc-149">
         <name>.debug_str</name>
         <load_address>0x614</load_address>
         <run_address>0x614</run_address>
         <size>0x105</size>
         <input_file_ref idref="fl-32"/>
      </object_component>
      <object_component id="oc-134">
         <name>.debug_str</name>
         <load_address>0x719</load_address>
         <run_address>0x719</run_address>
         <size>0x140</size>
         <input_file_ref idref="fl-32"/>
      </object_component>
      <object_component id="oc-da">
         <name>.debug_str</name>
         <load_address>0x859</load_address>
         <run_address>0x859</run_address>
         <size>0x10b</size>
         <input_file_ref idref="fl-37"/>
      </object_component>
      <object_component id="oc-139">
         <name>.debug_str</name>
         <load_address>0x964</load_address>
         <run_address>0x964</run_address>
         <size>0x140</size>
         <input_file_ref idref="fl-37"/>
      </object_component>
      <object_component id="oc-c9">
         <name>.debug_str</name>
         <load_address>0xaa4</load_address>
         <run_address>0xaa4</run_address>
         <size>0x118</size>
         <input_file_ref idref="fl-38"/>
      </object_component>
      <object_component id="oc-172">
         <name>.debug_str</name>
         <load_address>0xbbc</load_address>
         <run_address>0xbbc</run_address>
         <size>0x16b</size>
         <input_file_ref idref="fl-38"/>
      </object_component>
      <object_component id="oc-12c">
         <name>.debug_str</name>
         <load_address>0xd27</load_address>
         <run_address>0xd27</run_address>
         <size>0x158</size>
         <input_file_ref idref="fl-38"/>
      </object_component>
      <object_component id="oc-181">
         <name>.debug_aranges</name>
         <load_address>0x0</load_address>
         <run_address>0x0</run_address>
         <size>0x20</size>
         <input_file_ref idref="fl-2"/>
      </object_component>
      <object_component id="oc-186">
         <name>.debug_aranges</name>
         <load_address>0x20</load_address>
         <run_address>0x20</run_address>
         <size>0x20</size>
         <input_file_ref idref="fl-2"/>
      </object_component>
      <object_component id="oc-18c">
         <name>.debug_aranges</name>
         <load_address>0x40</load_address>
         <run_address>0x40</run_address>
         <size>0x20</size>
         <input_file_ref idref="fl-2"/>
      </object_component>
      <object_component id="oc-249">
         <name>.debug_aranges</name>
         <load_address>0x60</load_address>
         <run_address>0x60</run_address>
         <size>0x20</size>
         <input_file_ref idref="fl-2"/>
      </object_component>
      <object_component id="oc-24e">
         <name>.debug_aranges</name>
         <load_address>0x80</load_address>
         <run_address>0x80</run_address>
         <size>0x20</size>
         <input_file_ref idref="fl-2"/>
      </object_component>
      <object_component id="oc-255">
         <name>.debug_aranges</name>
         <load_address>0xa0</load_address>
         <run_address>0xa0</run_address>
         <size>0x20</size>
         <input_file_ref idref="fl-2"/>
      </object_component>
      <object_component id="oc-1ec">
         <name>.debug_aranges</name>
         <load_address>0xc0</load_address>
         <run_address>0xc0</run_address>
         <size>0x20</size>
         <input_file_ref idref="fl-2"/>
      </object_component>
      <object_component id="oc-25b">
         <name>.debug_aranges</name>
         <load_address>0xe0</load_address>
         <run_address>0xe0</run_address>
         <size>0x20</size>
         <input_file_ref idref="fl-2"/>
      </object_component>
      <object_component id="oc-1f3">
         <name>.debug_aranges</name>
         <load_address>0x100</load_address>
         <run_address>0x100</run_address>
         <size>0x20</size>
         <input_file_ref idref="fl-2"/>
      </object_component>
      <object_component id="oc-1f8">
         <name>.debug_aranges</name>
         <load_address>0x120</load_address>
         <run_address>0x120</run_address>
         <size>0x20</size>
         <input_file_ref idref="fl-2"/>
      </object_component>
      <object_component id="oc-192">
         <name>.debug_aranges</name>
         <load_address>0x140</load_address>
         <run_address>0x140</run_address>
         <size>0x20</size>
         <input_file_ref idref="fl-2"/>
      </object_component>
      <object_component id="oc-203">
         <name>.debug_aranges</name>
         <load_address>0x160</load_address>
         <run_address>0x160</run_address>
         <size>0x20</size>
         <input_file_ref idref="fl-2"/>
      </object_component>
      <object_component id="oc-19b">
         <name>.debug_aranges</name>
         <load_address>0x180</load_address>
         <run_address>0x180</run_address>
         <size>0x20</size>
         <input_file_ref idref="fl-2"/>
      </object_component>
      <object_component id="oc-1a5">
         <name>.debug_aranges</name>
         <load_address>0x1a0</load_address>
         <run_address>0x1a0</run_address>
         <size>0x20</size>
         <input_file_ref idref="fl-2"/>
      </object_component>
      <object_component id="oc-155">
         <name>.debug_aranges</name>
         <load_address>0x1c0</load_address>
         <run_address>0x1c0</run_address>
         <size>0x20</size>
         <input_file_ref idref="fl-2"/>
      </object_component>
      <object_component id="oc-e4">
         <name>.debug_aranges</name>
         <load_address>0x1e0</load_address>
         <run_address>0x1e0</run_address>
         <size>0x20</size>
         <input_file_ref idref="fl-2"/>
      </object_component>
      <object_component id="oc-262">
         <name>.debug_aranges</name>
         <load_address>0x200</load_address>
         <run_address>0x200</run_address>
         <size>0x20</size>
         <input_file_ref idref="fl-1d"/>
      </object_component>
      <object_component id="oc-19f">
         <name>.debug_aranges</name>
         <load_address>0x220</load_address>
         <run_address>0x220</run_address>
         <size>0x20</size>
         <input_file_ref idref="fl-1e"/>
      </object_component>
      <object_component id="oc-20b">
         <name>.debug_aranges</name>
         <load_address>0x240</load_address>
         <run_address>0x240</run_address>
         <size>0x20</size>
         <input_file_ref idref="fl-1f"/>
      </object_component>
      <object_component id="oc-c1">
         <name>.debug_aranges</name>
         <load_address>0x260</load_address>
         <run_address>0x260</run_address>
         <size>0x20</size>
         <input_file_ref idref="fl-20"/>
      </object_component>
      <object_component id="oc-dd">
         <name>.debug_aranges</name>
         <load_address>0x280</load_address>
         <run_address>0x280</run_address>
         <size>0x20</size>
         <input_file_ref idref="fl-2d"/>
      </object_component>
      <object_component id="oc-b6">
         <name>.debug_aranges</name>
         <load_address>0x2a0</load_address>
         <run_address>0x2a0</run_address>
         <size>0x20</size>
         <input_file_ref idref="fl-2e"/>
      </object_component>
      <object_component id="oc-20f">
         <name>.debug_aranges</name>
         <load_address>0x2c0</load_address>
         <run_address>0x2c0</run_address>
         <size>0x20</size>
         <input_file_ref idref="fl-2f"/>
      </object_component>
      <object_component id="oc-fe">
         <name>.debug_aranges</name>
         <load_address>0x2e0</load_address>
         <run_address>0x2e0</run_address>
         <size>0x20</size>
         <input_file_ref idref="fl-30"/>
      </object_component>
      <object_component id="oc-1b6">
         <name>.debug_aranges</name>
         <load_address>0x300</load_address>
         <run_address>0x300</run_address>
         <size>0x20</size>
         <input_file_ref idref="fl-31"/>
[...]
      <symbol id="sm-51">
         <name>UCB0RXBUF</name>
         <value>0x6e</value>
      </symbol>
      <symbol id="sm-52">
         <name>UCB0TXBUF</name>
         <value>0x6f</value>
      </symbol>
      <symbol id="sm-53">
         <name>UCB0I2COA</name>
         <value>0x118</value>
      </symbol>
      <symbol id="sm-54">
         <name>UCB0I2CSA</name>
         <value>0x11a</value>
      </symbol>
      <symbol id="sm-55">
         <name>WDTCTL</name>
         <value>0x120</value>
      </symbol>
      <symbol id="sm-56">
         <name>CALDCO_16MHZ</name>
         <value>0x10f8</value>
      </symbol>
      <symbol id="sm-57">
         <name>CALBC1_16MHZ</name>
         <value>0x10f9</value>
      </symbol>
      <symbol id="sm-58">
         <name>CALDCO_12MHZ</name>
         <value>0x10fa</value>
      </symbol>
      <symbol id="sm-59">
         <name>CALBC1_12MHZ</name>
         <value>0x10fb</value>
      </symbol>
      <symbol id="sm-5a">
         <name>CALDCO_8MHZ</name>
         <value>0x10fc</value>
      </symbol>
      <symbol id="sm-5b">
         <name>CALBC1_8MHZ</name>
         <value>0x10fd</value>
      </symbol>
      <symbol id="sm-5c">
         <name>CALDCO_1MHZ</name>
         <value>0x10fe</value>
      </symbol>
      <symbol id="sm-5d">
         <name>CALBC1_1MHZ</name>
         <value>0x10ff</value>
      </symbol>
      <symbol id="sm-5e">
         <name>TLV_CHECKSUM</name>
         <value>0x10c0</value>
      </symbol>
      <symbol id="sm-5f">
         <name>TLV_DCO_30_TAG</name>
         <value>0x10f6</value>
      </symbol>
      <symbol id="sm-60">
         <name>TLV_DCO_30_LEN</name>
         <value>0x10f7</value>
      </symbol>
      <symbol id="sm-61">
         <name>TLV_ADC10_1_TAG</name>
         <value>0x10da</value>
      </symbol>
      <symbol id="sm-62">
         <name>TLV_ADC10_1_LEN</name>
         <value>0x10db</value>
      </symbol>
      <symbol id="sm-63">
         <name>__TI_CINIT_Base</name>
         <value>0xd1d2</value>
      </symbol>
      <symbol id="sm-64">
         <name>__TI_CINIT_Limit</name>
         <value>0xd1da</value>
      </symbol>
      <symbol id="sm-65">
         <name>__TI_Handler_Table_Base</name>
         <value>0xd1c8</value>
      </symbol>
      <symbol id="sm-66">
         <name>__TI_Handler_Table_Limit</name>
         <value>0xd1ce</value>
      </symbol>
      <symbol id="sm-67">
         <name>__STACK_SIZE</name>
         <value>0x50</value>
      </symbol>
      <symbol id="sm-68">
         <name>__STACK_END</name>
         <value>0x400</value>
      </symbol>
      <symbol id="sm-69">
         <name>__c_args__</name>
         <value>0xffffffff</value>
      </symbol>
      <symbol id="sm-6a">
         <name>__TI_pprof_out_hndl</name>
         <value>0xffffffff</value>
      </symbol>
      <symbol id="sm-6b">
         <name>__TI_prof_data_start</name>
         <value>0xffffffff</value>
      </symbol>
      <symbol id="sm-6c">
         <name>__TI_prof_data_size</name>
         <value>0xffffffff</value>
      </symbol>
      <symbol id="sm-155">
         <name>count</name>
         <value>0x204</value>
      </symbol>
      <symbol id="sm-156">
         <name>IIC_Stop</name>
         <value>0xcb60</value>
         <object_component_ref idref="oc-252"/>
      </symbol>
      <symbol id="sm-157">
         <name>__TI_int09</name>
         <value>0xfff2</value>
         <object_component_ref idref="oc-47"/>
      </symbol>
      <symbol id="sm-158">
         <name>OLED_WrCmd</name>
         <value>0xcaac</value>
         <object_component_ref idref="oc-1ea"/>
      </symbol>
      <symbol id="sm-159">
         <name>OLED_WrDat</name>
         <value>0xca68</value>
         <object_component_ref idref="oc-259"/>
      </symbol>
      <symbol id="sm-15a">
         <name>TIMERA_Init</name>
         <value>0xcb12</value>
         <object_component_ref idref="oc-18a"/>
      </symbol>
      <symbol id="sm-15b">
         <name>OLED_WR_Byte</name>
         <value>0xcafe</value>
         <object_component_ref idref="oc-200"/>
      </symbol>
      <symbol id="sm-15c">
         <name>OLED_Init</name>
         <value>0xc6d4</value>
         <object_component_ref idref="oc-190"/>
      </symbol>
      <symbol id="sm-15d">
         <name>main</name>
         <value>0xc000</value>
         <object_component_ref idref="oc-152"/>
      </symbol>
      <symbol id="sm-15e">
         <name>F8X16</name>
         <value>0xcbd0</value>
         <object_component_ref idref="oc-1fd"/>
      </symbol>
      <symbol id="sm-15f">
         <name>OLED_ShowChar</name>
         <value>0xc846</value>
         <object_component_ref idref="oc-196"/>
      </symbol>
      <symbol id="sm-160">
         <name>setmode</name>
         <value>0x202</value>
         <object_component_ref idref="oc-140"/>
      </symbol>
      <symbol id="sm-161">
         <name>Write_IIC_Byte</name>
         <value>0xc986</value>
         <object_component_ref idref="oc-24c"/>
      </symbol>
      <symbol id="sm-162">
         <name>Clock_Init</name>
         <value>0xcba6</value>
         <object_component_ref idref="oc-184"/>
      </symbol>
      <symbol id="sm-163">
         <name>go</name>
         <value>0xc3b2</value>
         <object_component_ref idref="oc-1a1"/>
      </symbol>
      <symbol id="sm-164">
         <name>WDT_Init</name>
         <value>0xcbb4</value>
         <object_component_ref idref="oc-17e"/>
      </symbol>
      <symbol id="sm-165">
         <name>Timer_A</name>
         <value>0xca8a</value>
         <object_component_ref idref="oc-e1"/>
      </symbol>
      <symbol id="sm-166">
         <name>IIC_Start</name>
         <value>0xcb4e</value>
         <object_component_ref idref="oc-246"/>
      </symbol>
      <symbol id="sm-167">
         <name>OLED_Fill</name>
         <value>0xc902</value>
         <object_component_ref idref="oc-1f0"/>
      </symbol>
      <symbol id="sm-168">
         <name>t_miao</name>
         <value>0x200</value>
         <object_component_ref idref="oc-140"/>
      </symbol>
      <symbol id="sm-169">
         <name>OLED_Set_Pos</name>
         <value>0xca3e</value>
         <object_component_ref idref="oc-1f6"/>
      </symbol>
      <symbol id="sm-171">
         <name>__mspabi_srai</name>
         <value>0xc9ba</value>
         <object_component_ref idref="oc-260"/>
      </symbol>
      <symbol id="sm-172">
         <name>__mspabi_srai_8</name>
         <value>0xc9d4</value>
         <object_component_ref idref="oc-260"/>
      </symbol>
      <symbol id="sm-173">
         <name>__mspabi_srai_9</name>
         <value>0xc9d2</value>
         <object_component_ref idref="oc-260"/>
      </symbol>
      <symbol id="sm-174">
         <name>__mspabi_srai_6</name>
         <value>0xc9d8</value>
         <object_component_ref idref="oc-260"/>
      </symbol>
      <symbol id="sm-175">
         <name>__mspabi_srai_7</name>
         <value>0xc9d6</value>
         <object_component_ref idref="oc-260"/>
      </symbol>
      <symbol id="sm-176">
         <name>__mspabi_srai_4</name>
         <value>0xc9dc</value>
         <object_component_ref idref="oc-260"/>
      </symbol>
      <symbol id="sm-177">
         <name>__mspabi_srai_5</name>
         <value>0xc9da</value>
         <object_component_ref idref="oc-260"/>
      </symbol>
      <symbol id="sm-178">
         <name>__mspabi_srai_2</name>
         <value>0xc9e0</value>
         <object_component_ref idref="oc-260"/>
      </symbol>
      <symbol id="sm-179">
         <name>__mspabi_srai_3</name>
         <value>0xc9de</value>
         <object_component_ref idref="oc-260"/>
      </symbol>
      <symbol id="sm-17a">
         <name>__mspabi_srai_1</name>
         <value>0xc9e2</value>
         <object_component_ref idref="oc-260"/>
      </symbol>
      <symbol id="sm-17b">
         <name>__mspabi_srai_15</name>
         <value>0xc9c6</value>
         <object_component_ref idref="oc-260"/>
      </symbol>
      <symbol id="sm-17c">
         <name>__mspabi_srai_14</name>
         <value>0xc9c8</value>
         <object_component_ref idref="oc-260"/>
      </symbol>
      <symbol id="sm-17d">
         <name>__mspabi_srai_13</name>
         <value>0xc9ca</value>
         <object_component_ref idref="oc-260"/>
      </symbol>
      <symbol id="sm-17e">
         <name>__mspabi_srai_12</name>
         <value>0xc9cc</value>
         <object_component_ref idref="oc-260"/>
      </symbol>
      <symbol id="sm-17f">
         <name>__mspabi_srai_11</name>
         <value>0xc9ce</value>
         <object_component_ref idref="oc-260"/>
      </symbol>
      <symbol id="sm-180">
         <name>__mspabi_srai_10</name>
         <value>0xc9d0</value>
         <object_component_ref idref="oc-260"/>
      </symbol>
      <symbol id="sm-18c">
         <name>__mspabi_remi</name>
         <value>0xc9e6</value>
         <object_component_ref idref="oc-19c"/>
      </symbol>
      <symbol id="sm-18d">
         <name>__mspabi_divi</name>
         <value>0xc9e6</value>
         <object_component_ref idref="oc-19c"/>
      </symbol>
      <symbol id="sm-197">
         <name>__mspabi_remu</name>
         <value>0xcae8</value>
         <object_component_ref idref="oc-207"/>
      </symbol>
      <symbol id="sm-198">
         <name>__mspabi_divu</name>
         <value>0xcae8</value>
         <object_component_ref idref="oc-207"/>
      </symbol>
      <symbol id="sm-1a1">
         <name>__mspabi_func_epilog_2</name>
         <value>0xcba0</value>
         <object_component_ref idref="oc-bf"/>
      </symbol>
      <symbol id="sm-1a2">
         <name>__mspabi_func_epilog_3</name>
         <value>0xcb9e</value>
         <object_component_ref idref="oc-bf"/>
      </symbol>
      <symbol id="sm-1a3">
         <name>__mspabi_func_epilog_1</name>
         <value>0xcba2</value>
         <object_component_ref idref="oc-bf"/>
      </symbol>
      <symbol id="sm-1a4">
         <name>__mspabi_func_epilog_6</name>
         <value>0xcb98</value>
         <object_component_ref idref="oc-bf"/>
      </symbol>
      <symbol id="sm-1a5">
         <name>__mspabi_func_epilog_7</name>
         <value>0xcb96</value>
         <object_component_ref idref="oc-bf"/>
      </symbol>
      <symbol id="sm-1a6">
         <name>__mspabi_func_epilog_4</name>
         <value>0xcb9c</value>
         <object_component_ref idref="oc-bf"/>
      </symbol>
      <symbol id="sm-1a7">
         <name>__mspabi_func_epilog_5</name>
         <value>0xcb9a</value>
         <object_component_ref idref="oc-bf"/>
      </symbol>
      <symbol id="sm-1aa">
         <name>__TI_int00</name>
         <value>0xffe0</value>
         <object_component_ref idref="oc-40"/>
      </symbol>
      <symbol id="sm-1ad">
         <name>__TI_int02</name>
         <value>0xffe4</value>
         <object_component_ref idref="oc-41"/>
      </symbol>
      <symbol id="sm-1b0">
         <name>__TI_int03</name>
         <value>0xffe6</value>
         <object_component_ref idref="oc-42"/>
      </symbol>
      <symbol id="sm-1b3">
         <name>__TI_int05</name>
         <value>0xffea</value>
         <object_component_ref idref="oc-43"/>
      </symbol>
      <symbol id="sm-1b6">
         <name>__TI_int06</name>
         <value>0xffec</value>
         <object_component_ref idref="oc-44"/>
      </symbol>
      <symbol id="sm-1b9">
         <name>__TI_int07</name>
         <value>0xffee</value>
         <object_component_ref idref="oc-45"/>
      </symbol>
      <symbol id="sm-1bc">
         <name>__TI_int08</name>
         <value>0xfff0</value>
         <object_component_ref idref="oc-46"/>
      </symbol>
      <symbol id="sm-1bf">
         <name>__TI_int10</name>
         <value>0xfff4</value>
         <object_component_ref idref="oc-48"/>
      </symbol>
      <symbol id="sm-1c2">
         <name>__TI_int11</name>
         <value>0xfff6</value>
         <object_component_ref idref="oc-49"/>
      </symbol>
      <symbol id="sm-1c5">
         <name>__TI_int12</name>
         <value>0xfff8</value>
         <object_component_ref idref="oc-4a"/>
      </symbol>
      <symbol id="sm-1c8">
         <name>__TI_int13</name>
         <value>0xfffa</value>
         <object_component_ref idref="oc-4b"/>
      </symbol>
      <symbol id="sm-1cb">
         <name>__TI_int14</name>
         <value>0xfffc</value>
         <object_component_ref idref="oc-4c"/>
      </symbol>
      <symbol id="sm-1d3">
         <name>__TI_ISR_TRAP</name>
         <value>0xcbbc</value>
         <object_component_ref idref="oc-dc"/>
      </symbol>
      <symbol id="sm-1db">
         <name>__mspabi_slli</name>
         <value>0xca12</value>
         <object_component_ref idref="oc-b5"/>
      </symbol>
      <symbol id="sm-1dc">
         <name>__mspabi_slli_9</name>
         <value>0xca2a</value>
         <object_component_ref idref="oc-b5"/>
      </symbol>
      <symbol id="sm-1dd">
         <name>__mspabi_slli_8</name>
         <value>0xca2c</value>
         <object_component_ref idref="oc-b5"/>
      </symbol>
      <symbol id="sm-1de">
         <name>__mspabi_slli_7</name>
         <value>0xca2e</value>
         <object_component_ref idref="oc-b5"/>
      </symbol>
      <symbol id="sm-1df">
         <name>__mspabi_slli_6</name>
         <value>0xca30</value>
         <object_component_ref idref="oc-b5"/>
      </symbol>
      <symbol id="sm-1e0">
         <name>__mspabi_slli_5</name>
         <value>0xca32</value>
         <object_component_ref idref="oc-b5"/>
      </symbol>
      <symbol id="sm-1e1">
         <name>__mspabi_slli_4</name>
         <value>0xca34</value>
         <object_component_ref idref="oc-b5"/>
      </symbol>
      <symbol id="sm-1e2">
         <name>__mspabi_slli_3</name>
         <value>0xca36</value>
         <object_component_ref idref="oc-b5"/>
      </symbol>
      <symbol id="sm-1e3">
         <name>__mspabi_slli_2</name>
         <value>0xca38</value>
         <object_component_ref idref="oc-b5"/>
      </symbol>
      <symbol id="sm-1e4">
         <name>__mspabi_slli_1</name>
         <value>0xca3a</value>
         <object_component_ref idref="oc-b5"/>
      </symbol>
      <symbol id="sm-1e5">
         <name>__mspabi_slli_15</name>
         <value>0xca1e</value>
         <object_component_ref idref="oc-b5"/>
      </symbol>
      <symbol id="sm-1e6">
         <name>__mspabi_slli_14</name>
         <value>0xca20</value>
         <object_component_ref idref="oc-b5"/>
      </symbol>
      <symbol id="sm-1e7">
         <name>__mspabi_slli_13</name>
         <value>0xca22</value>
         <object_component_ref idref="oc-b5"/>
      </symbol>
      <symbol id="sm-1e8">
         <name>__mspabi_slli_12</name>
         <value>0xca24</value>
         <object_component_ref idref="oc-b5"/>
      </symbol>
      <symbol id="sm-1e9">
         <name>__mspabi_slli_11</name>
         <value>0xca26</value>
         <object_component_ref idref="oc-b5"/>
      </symbol>
      <symbol id="sm-1ea">
         <name>__mspabi_slli_10</name>
         <value>0xca28</value>
         <object_component_ref idref="oc-b5"/>
      </symbol>
      <symbol id="sm-1f4">
         <name>__mspabi_mpyi_sw</name>
         <value>0xcb3a</value>
         <object_component_ref idref="oc-20d"/>
      </symbol>
      <symbol id="sm-1f5">
         <name>__mspabi_mpyi</name>
         <value>0xcb3a</value>
         <object_component_ref idref="oc-20d"/>
      </symbol>
      <symbol id="sm-205">
         <name>_stack</name>
         <value>0x3b0</value>
         <object_component_ref idref="oc-b1"/>
      </symbol>
      <symbol id="sm-206">
         <name>_c_int00_noargs</name>
         <value>0xcacc</value>
         <object_component_ref idref="oc-f9"/>
      </symbol>
      <symbol id="sm-207">
         <name>_reset_vector</name>
         <value>0xfffe</value>
         <object_component_ref idref="oc-b4"/>
      </symbol>
      <symbol id="sm-229">
         <name>__TI_auto_init_nobinit_nopinit</name>
         <value>0xc944</value>
         <object_component_ref idref="oc-1b4"/>
      </symbol>
      <symbol id="sm-241">
         <name>__TI_zero_init_nomemset</name>
         <value>0xcb26</value>
         <object_component_ref idref="oc-e7"/>
      </symbol>
      <symbol id="sm-24c">
         <name>_system_pre_init</name>
         <value>0xcbca</value>
         <object_component_ref idref="oc-14c"/>
      </symbol>
      <symbol id="sm-255">
         <name>_system_post_cinit</name>
         <value>0xcbce</value>
         <object_component_ref idref="oc-225"/>
      </symbol>
      <symbol id="sm-26b">
         <name>__TI_decompress_none</name>
         <value>0xcb72</value>
         <object_component_ref idref="oc-3a"/>
      </symbol>
      <symbol id="sm-28e">
         <name>__TI_decompress_lzss</name>
         <value>0xc7ca</value>
         <object_component_ref idref="oc-34"/>
      </symbol>
      <symbol id="sm-298">
         <name>C$$EXIT</name>
         <value>0xcbc4</value>
         <object_component_ref idref="oc-1a8"/>
      </symbol>
      <symbol id="sm-299">
         <name>abort</name>
         <value>0xcbc4</value>
         <object_component_ref idref="oc-1a8"/>
      </symbol>
      <symbol id="sm-2a9">
         <name>memcpy</name>
         <value>0xcb84</value>
         <object_component_ref idref="oc-cf"/>
      </symbol>
      <symbol id="sm-2b1">
         <name>__mspabi_srli_8</name>
         <value>0xc8e0</value>
         <object_component_ref idref="oc-ba"/>
      </symbol>
      <symbol id="sm-2b2">
         <name>__mspabi_srli_9</name>
         <value>0xc8dc</value>
         <object_component_ref idref="oc-ba"/>
      </symbol>
      <symbol id="sm-2b3">
         <name>__mspabi_srli_6</name>
         <value>0xc8e8</value>
         <object_component_ref idref="oc-ba"/>
      </symbol>
      <symbol id="sm-2b4">
         <name>__mspabi_srli_7</name>
         <value>0xc8e4</value>
         <object_component_ref idref="oc-ba"/>
      </symbol>
      <symbol id="sm-2b5">
         <name>__mspabi_srli_4</name>
         <value>0xc8f0</value>
         <object_component_ref idref="oc-ba"/>
      </symbol>
      <symbol id="sm-2b6">
         <name>__mspabi_srli_5</name>
         <value>0xc8ec</value>
         <object_component_ref idref="oc-ba"/>
      </symbol>
      <symbol id="sm-2b7">
         <name>__mspabi_srli_2</name>
         <value>0xc8f8</value>
         <object_component_ref idref="oc-ba"/>
      </symbol>
      <symbol id="sm-2b8">
         <name>__mspabi_srli_3</name>
         <value>0xc8f4</value>
         <object_component_ref idref="oc-ba"/>
      </symbol>
      <symbol id="sm-2b9">
         <name>__mspabi_srli_1</name>
         <value>0xc8fc</value>
         <object_component_ref idref="oc-ba"/>
      </symbol>
      <symbol id="sm-2ba">
         <name>__mspabi_srli</name>
         <value>0xc8b6</value>
         <object_component_ref idref="oc-ba"/>
      </symbol>
      <symbol id="sm-2bb">
         <name>__mspabi_srli_15</name>
         <value>0xc8c4</value>
         <object_component_ref idref="oc-ba"/>
      </symbol>
      <symbol id="sm-2bc">
         <name>__mspabi_srli_14</name>
         <value>0xc8c8</value>
         <object_component_ref idref="oc-ba"/>
      </symbol>
      <symbol id="sm-2bd">
         <name>__mspabi_srli_13</name>
         <value>0xc8cc</value>
         <object_component_ref idref="oc-ba"/>
      </symbol>
      <symbol id="sm-2be">
         <name>__mspabi_srli_12</name>
         <value>0xc8d0</value>
         <object_component_ref idref="oc-ba"/>
      </symbol>
      <symbol id="sm-2bf">
         <name>__mspabi_srli_11</name>
         <value>0xc8d4</value>
         <object_component_ref idref="oc-ba"/>
      </symbol>
      <symbol id="sm-2c0">
         <name>__mspabi_srli_10</name>
         <value>0xc8d8</value>
         <object_component_ref idref="oc-ba"/>
      </symbol>
   </symbol_table>
   <title>Link successful</title>
</link_info>
